Archive member included to satisfy reference by file (symbol)

c:/ac6/systemworkbench/plugins/fr.ac6.mcu.externaltools.arm-none.win32_1.13.2.201705091103/tools/compiler/bin/../lib/gcc/arm-none-eabi/5.4.1/armv6-m\libgcc.a(_udivsi3.o)
                              HAL_Driver/Src/stm32f0xx_hal.o (__aeabi_uidiv)
c:/ac6/systemworkbench/plugins/fr.ac6.mcu.externaltools.arm-none.win32_1.13.2.201705091103/tools/compiler/bin/../lib/gcc/arm-none-eabi/5.4.1/armv6-m\libgcc.a(_dvmd_tls.o)
                              c:/ac6/systemworkbench/plugins/fr.ac6.mcu.externaltools.arm-none.win32_1.13.2.201705091103/tools/compiler/bin/../lib/gcc/arm-none-eabi/5.4.1/armv6-m\libgcc.a(_udivsi3.o) (__aeabi_idiv0)
c:/ac6/systemworkbench/plugins/fr.ac6.mcu.externaltools.arm-none.win32_1.13.2.201705091103/tools/compiler/bin/../lib/gcc/arm-none-eabi/5.4.1/../../../../arm-none-eabi/lib/armv6-m\libc.a(lib_a-errno.o)
                              src/syscalls.o (__errno)
c:/ac6/systemworkbench/plugins/fr.ac6.mcu.externaltools.arm-none.win32_1.13.2.201705091103/tools/compiler/bin/../lib/gcc/arm-none-eabi/5.4.1/../../../../arm-none-eabi/lib/armv6-m\libc.a(lib_a-exit.o)
                              c:/ac6/systemworkbench/plugins/fr.ac6.mcu.externaltools.arm-none.win32_1.13.2.201705091103/tools/compiler/bin/../lib/gcc/arm-none-eabi/5.4.1/../../../../arm-none-eabi/lib/armv6-m/crt0.o (exit)
c:/ac6/systemworkbench/plugins/fr.ac6.mcu.externaltools.arm-none.win32_1.13.2.201705091103/tools/compiler/bin/../lib/gcc/arm-none-eabi/5.4.1/../../../../arm-none-eabi/lib/armv6-m\libc.a(lib_a-impure.o)
                              c:/ac6/systemworkbench/plugins/fr.ac6.mcu.externaltools.arm-none.win32_1.13.2.201705091103/tools/compiler/bin/../lib/gcc/arm-none-eabi/5.4.1/../../../../arm-none-eabi/lib/armv6-m\libc.a(lib_a-exit.o) (_global_impure_ptr)
c:/ac6/systemworkbench/plugins/fr.ac6.mcu.externaltools.arm-none.win32_1.13.2.201705091103/tools/compiler/bin/../lib/gcc/arm-none-eabi/5.4.1/../../../../arm-none-eabi/lib/armv6-m\libc.a(lib_a-init.o)
                              c:/ac6/systemworkbench/plugins/fr.ac6.mcu.externaltools.arm-none.win32_1.13.2.201705091103/tools/compiler/bin/../lib/gcc/arm-none-eabi/5.4.1/../../../../arm-none-eabi/lib/armv6-m/crt0.o (__libc_init_array)
c:/ac6/systemworkbench/plugins/fr.ac6.mcu.externaltools.arm-none.win32_1.13.2.201705091103/tools/compiler/bin/../lib/gcc/arm-none-eabi/5.4.1/../../../../arm-none-eabi/lib/armv6-m\libc.a(lib_a-malloc.o)
                              src/CanRxMsgQueue.o (malloc)
c:/ac6/systemworkbench/plugins/fr.ac6.mcu.externaltools.arm-none.win32_1.13.2.201705091103/tools/compiler/bin/../lib/gcc/arm-none-eabi/5.4.1/../../../../arm-none-eabi/lib/armv6-m\libc.a(lib_a-mallocr.o)
                              c:/ac6/systemworkbench/plugins/fr.ac6.mcu.externaltools.arm-none.win32_1.13.2.201705091103/tools/compiler/bin/../lib/gcc/arm-none-eabi/5.4.1/../../../../arm-none-eabi/lib/armv6-m\libc.a(lib_a-malloc.o) (_malloc_r)
c:/ac6/systemworkbench/plugins/fr.ac6.mcu.externaltools.arm-none.win32_1.13.2.201705091103/tools/compiler/bin/../lib/gcc/arm-none-eabi/5.4.1/../../../../arm-none-eabi/lib/armv6-m\libc.a(lib_a-memcpy-stub.o)
                              HAL_Driver/Src/stm32f0xx_hal_rcc.o (memcpy)
c:/ac6/systemworkbench/plugins/fr.ac6.mcu.externaltools.arm-none.win32_1.13.2.201705091103/tools/compiler/bin/../lib/gcc/arm-none-eabi/5.4.1/../../../../arm-none-eabi/lib/armv6-m\libc.a(lib_a-memset.o)
                              c:/ac6/systemworkbench/plugins/fr.ac6.mcu.externaltools.arm-none.win32_1.13.2.201705091103/tools/compiler/bin/../lib/gcc/arm-none-eabi/5.4.1/../../../../arm-none-eabi/lib/armv6-m/crt0.o (memset)
c:/ac6/systemworkbench/plugins/fr.ac6.mcu.externaltools.arm-none.win32_1.13.2.201705091103/tools/compiler/bin/../lib/gcc/arm-none-eabi/5.4.1/../../../../arm-none-eabi/lib/armv6-m\libc.a(lib_a-mlock.o)
                              c:/ac6/systemworkbench/plugins/fr.ac6.mcu.externaltools.arm-none.win32_1.13.2.201705091103/tools/compiler/bin/../lib/gcc/arm-none-eabi/5.4.1/../../../../arm-none-eabi/lib/armv6-m\libc.a(lib_a-mallocr.o) (__malloc_lock)
c:/ac6/systemworkbench/plugins/fr.ac6.mcu.externaltools.arm-none.win32_1.13.2.201705091103/tools/compiler/bin/../lib/gcc/arm-none-eabi/5.4.1/../../../../arm-none-eabi/lib/armv6-m\libc.a(lib_a-printf.o)
                              src/CanRxMsgQueue.o (printf)
c:/ac6/systemworkbench/plugins/fr.ac6.mcu.externaltools.arm-none.win32_1.13.2.201705091103/tools/compiler/bin/../lib/gcc/arm-none-eabi/5.4.1/../../../../arm-none-eabi/lib/armv6-m\libc.a(lib_a-sbrkr.o)
                              c:/ac6/systemworkbench/plugins/fr.ac6.mcu.externaltools.arm-none.win32_1.13.2.201705091103/tools/compiler/bin/../lib/gcc/arm-none-eabi/5.4.1/../../../../arm-none-eabi/lib/armv6-m\libc.a(lib_a-mallocr.o) (_sbrk_r)
[...]
Memory Configuration

Name             Origin             Length             Attributes
RAM              0x20000000         0x00001800         xrw
ROM              0x08000000         0x00008000         xr
*default*        0x00000000         0xffffffff

Linker script and memory map

LOAD c:/ac6/systemworkbench/plugins/fr.ac6.mcu.externaltools.arm-none.win32_1.13.2.201705091103/tools/compiler/bin/../lib/gcc/arm-none-eabi/5.4.1/armv6-m/crti.o
LOAD c:/ac6/systemworkbench/plugins/fr.ac6.mcu.externaltools.arm-none.win32_1.13.2.201705091103/tools/compiler/bin/../lib/gcc/arm-none-eabi/5.4.1/armv6-m/crtbegin.o
LOAD c:/ac6/systemworkbench/plugins/fr.ac6.mcu.externaltools.arm-none.win32_1.13.2.201705091103/tools/compiler/bin/../lib/gcc/arm-none-eabi/5.4.1/../../../../arm-none-eabi/lib/armv6-m/crt0.o
LOAD HAL_Driver/Src/stm32f0xx_hal.o
LOAD HAL_Driver/Src/stm32f0xx_hal_adc.o
LOAD HAL_Driver/Src/stm32f0xx_hal_adc_ex.o
LOAD HAL_Driver/Src/stm32f0xx_hal_can.o
LOAD HAL_Driver/Src/stm32f0xx_hal_cec.o
LOAD HAL_Driver/Src/stm32f0xx_hal_comp.o
LOAD HAL_Driver/Src/stm32f0xx_hal_cortex.o
LOAD HAL_Driver/Src/stm32f0xx_hal_crc.o
LOAD HAL_Driver/Src/stm32f0xx_hal_crc_ex.o
LOAD HAL_Driver/Src/stm32f0xx_hal_dac.o
LOAD HAL_Driver/Src/stm32f0xx_hal_dac_ex.o
LOAD HAL_Driver/Src/stm32f0xx_hal_dma.o
LOAD HAL_Driver/Src/stm32f0xx_hal_flash.o
LOAD HAL_Driver/Src/stm32f0xx_hal_flash_ex.o
LOAD HAL_Driver/Src/stm32f0xx_hal_gpio.o
LOAD HAL_Driver/Src/stm32f0xx_hal_i2c.o
LOAD HAL_Driver/Src/stm32f0xx_hal_i2c_ex.o
LOAD HAL_Driver/Src/stm32f0xx_hal_i2s.o
LOAD HAL_Driver/Src/stm32f0xx_hal_irda.o
LOAD HAL_Driver/Src/stm32f0xx_hal_iwdg.o
LOAD HAL_Driver/Src/stm32f0xx_hal_msp_template.o
LOAD HAL_Driver/Src/stm32f0xx_hal_pcd.o
LOAD HAL_Driver/Src/stm32f0xx_hal_pcd_ex.o
LOAD HAL_Driver/Src/stm32f0xx_hal_pwr.o
LOAD HAL_Driver/Src/stm32f0xx_hal_pwr_ex.o
LOAD HAL_Driver/Src/stm32f0xx_hal_rcc.o
LOAD HAL_Driver/Src/stm32f0xx_hal_rcc_ex.o
LOAD HAL_Driver/Src/stm32f0xx_hal_rtc.o
LOAD HAL_Driver/Src/stm32f0xx_hal_rtc_ex.o
LOAD HAL_Driver/Src/stm32f0xx_hal_smartcard.o
LOAD HAL_Driver/Src/stm32f0xx_hal_smartcard_ex.o
LOAD HAL_Driver/Src/stm32f0xx_hal_smbus.o
LOAD HAL_Driver/Src/stm32f0xx_hal_spi.o
LOAD HAL_Driver/Src/stm32f0xx_hal_spi_ex.o
LOAD HAL_Driver/Src/stm32f0xx_hal_tim.o
LOAD HAL_Driver/Src/stm32f0xx_hal_tim_ex.o
LOAD HAL_Driver/Src/stm32f0xx_hal_tsc.o
LOAD HAL_Driver/Src/stm32f0xx_hal_uart.o
LOAD HAL_Driver/Src/stm32f0xx_hal_uart_ex.o
LOAD HAL_Driver/Src/stm32f0xx_hal_usart.o
LOAD HAL_Driver/Src/stm32f0xx_hal_wwdg.o
LOAD HAL_Driver/Src/stm32f0xx_ll_adc.o
LOAD HAL_Driver/Src/stm32f0xx_ll_comp.o
LOAD HAL_Driver/Src/stm32f0xx_ll_crc.o
LOAD HAL_Driver/Src/stm32f0xx_ll_crs.o
LOAD HAL_Driver/Src/stm32f0xx_ll_dac.o
LOAD HAL_Driver/Src/stm32f0xx_ll_dma.o
LOAD HAL_Driver/Src/stm32f0xx_ll_exti.o
LOAD HAL_Driver/Src/stm32f0xx_ll_gpio.o
LOAD HAL_Driver/Src/stm32f0xx_ll_i2c.o
LOAD HAL_Driver/Src/stm32f0xx_ll_pwr.o
LOAD HAL_Driver/Src/stm32f0xx_ll_rcc.o
LOAD HAL_Driver/Src/stm32f0xx_ll_rtc.o
LOAD HAL_Driver/Src/stm32f0xx_ll_spi.o
LOAD HAL_Driver/Src/stm32f0xx_ll_tim.o
LOAD HAL_Driver/Src/stm32f0xx_ll_usart.o
LOAD HAL_Driver/Src/stm32f0xx_ll_utils.o
LOAD Utilities/STM32F0xx_Nucleo_32/stm32f0xx_nucleo_32.o
LOAD src/CanRxMsgQueue.o
LOAD src/main.o
LOAD src/protocol.o
LOAD src/stm32f0xx_hal_msp.o
LOAD src/stm32f0xx_it.o
LOAD src/syscalls.o
LOAD src/system_stm32f0xx.o
LOAD startup/startup_stm32f042x6.o
LOAD c:/ac6/systemworkbench/plugins/fr.ac6.mcu.externaltools.arm-none.win32_1.13.2.201705091103/tools/compiler/bin/../lib/gcc/arm-none-eabi/5.4.1/../../../../arm-none-eabi/lib/armv6-m\libm.a
START GROUP
LOAD c:/ac6/systemworkbench/plugins/fr.ac6.mcu.externaltools.arm-none.win32_1.13.2.201705091103/tools/compiler/bin/../lib/gcc/arm-none-eabi/5.4.1/armv6-m\libgcc.a
LOAD c:/ac6/systemworkbench/plugins/fr.ac6.mcu.externaltools.arm-none.win32_1.13.2.201705091103/tools/compiler/bin/../lib/gcc/arm-none-eabi/5.4.1/../../../../arm-none-eabi/lib/armv6-m\libc.a
END GROUP
LOAD c:/ac6/systemworkbench/plugins/fr.ac6.mcu.externaltools.arm-none.win32_1.13.2.201705091103/tools/compiler/bin/../lib/gcc/arm-none-eabi/5.4.1/armv6-m/crtend.o
LOAD c:/ac6/systemworkbench/plugins/fr.ac6.mcu.externaltools.arm-none.win32_1.13.2.201705091103/tools/compiler/bin/../lib/gcc/arm-none-eabi/5.4.1/armv6-m/crtn.o
                0x20001800                _estack = 0x20001800
                0x00000000                _Min_Heap_Size = 0x0
                0x00000400                _Min_Stack_Size = 0x400

.isr_vector     0x08000000       0xc0
                0x08000000                . = ALIGN (0x4)
 *(.isr_vector)
 .isr_vector    0x08000000       0xc0 startup/startup_stm32f042x6.o
                0x08000000                g_pfnVectors
                0x080000c0                . = ALIGN (0x4)

.text           0x080000c0     0x3fd8
                0x080000c0                . = ALIGN (0x4)
 *(.text)
 .text          0x080000c0       0x60 c:/ac6/systemworkbench/plugins/fr.ac6.mcu.externaltools.arm-none.win32_1.13.2.201705091103/tools/compiler/bin/../lib/gcc/arm-none-eabi/5.4.1/armv6-m/crtbegin.o
 .text          0x08000120      0x114 c:/ac6/systemworkbench/plugins/fr.ac6.mcu.externaltools.arm-none.win32_1.13.2.201705091103/tools/compiler/bin/../lib/gcc/arm-none-eabi/5.4.1/armv6-m\libgcc.a(_udivsi3.o)
                0x08000120                __aeabi_uidiv
                0x08000120                __udivsi3
                0x0800022c                __aeabi_uidivmod
 .text          0x08000234        0x4 c:/ac6/systemworkbench/plugins/fr.ac6.mcu.externaltools.arm-none.win32_1.13.2.201705091103/tools/compiler/bin/../lib/gcc/arm-none-eabi/5.4.1/armv6-m\libgcc.a(_dvmd_tls.o)
                0x08000234                __aeabi_idiv0
                0x08000234                __aeabi_ldiv0
 *(.text*)
 .text.HAL_Init
                0x08000238       0x28 HAL_Driver/Src/stm32f0xx_hal.o
                0x08000238                HAL_Init
 .text.HAL_InitTick
                0x08000260       0x38 HAL_Driver/Src/stm32f0xx_hal.o
                0x08000260                HAL_InitTick
 .text.HAL_IncTick
                0x08000298       0x18 HAL_Driver/Src/stm32f0xx_hal.o
                0x08000298                HAL_IncTick
 .text.HAL_GetTick
                0x080002b0       0x14 HAL_Driver/Src/stm32f0xx_hal.o
                0x080002b0                HAL_GetTick
 .text.HAL_Delay
                0x080002c4       0x3c HAL_Driver/Src/stm32f0xx_hal.o
                0x080002c4                HAL_Delay
 .text.HAL_CAN_Init
                0x08000300      0x248 HAL_Driver/Src/stm32f0xx_hal_can.o
                0x08000300                HAL_CAN_Init
 .text.HAL_CAN_ConfigFilter
                0x08000548      0x1e4 HAL_Driver/Src/stm32f0xx_hal_can.o
                0x08000548                HAL_CAN_ConfigFilter
 .text.HAL_CAN_Transmit
                0x0800072c      0x36c HAL_Driver/Src/stm32f0xx_hal_can.o
                0x0800072c                HAL_CAN_Transmit
 .text.HAL_CAN_Receive
                0x08000a98      0x450 HAL_Driver/Src/stm32f0xx_hal_can.o
                0x08000a98                HAL_CAN_Receive
 .text.HAL_CAN_IRQHandler
                0x08000ee8      0x2e8 HAL_Driver/Src/stm32f0xx_hal_can.o
                0x08000ee8                HAL_CAN_IRQHandler
 .text.HAL_CAN_TxCpltCallback
                0x080011d0       0x10 HAL_Driver/Src/stm32f0xx_hal_can.o
                0x080011d0                HAL_CAN_TxCpltCallback
 .text.HAL_CAN_RxCpltCallback
                0x080011e0       0x10 HAL_Driver/Src/stm32f0xx_hal_can.o
                0x080011e0                HAL_CAN_RxCpltCallback
 .text.HAL_CAN_ErrorCallback
                0x080011f0       0x10 HAL_Driver/Src/stm32f0xx_hal_can.o
                0x080011f0                HAL_CAN_ErrorCallback
 .text.CAN_Transmit_IT
                0x08001200       0x88 HAL_Driver/Src/stm32f0xx_hal_can.o
 .text.CAN_Receive_IT
                0x08001288      0x2d8 HAL_Driver/Src/stm32f0xx_hal_can.o
 .text.NVIC_EnableIRQ
                0x08001560       0x2c HAL_Driver/Src/stm32f0xx_hal_cortex.o
 .text.NVIC_SetPriority
                0x0800158c       0xdc HAL_Driver/Src/stm32f0xx_hal_cortex.o
 .text.SysTick_Config
                0x08001668       0x48 HAL_Driver/Src/stm32f0xx_hal_cortex.o
 .text.HAL_NVIC_SetPriority
                0x080016b0       0x2c HAL_Driver/Src/stm32f0xx_hal_cortex.o
                0x080016b0                HAL_NVIC_SetPriority
 .text.HAL_NVIC_EnableIRQ
                0x080016dc       0x20 HAL_Driver/Src/stm32f0xx_hal_cortex.o
                0x080016dc                HAL_NVIC_EnableIRQ
 .text.HAL_SYSTICK_Config
                0x080016fc       0x1c HAL_Driver/Src/stm32f0xx_hal_cortex.o
                0x080016fc                HAL_SYSTICK_Config
 .text.HAL_GPIO_Init
                0x08001718      0x2d8 HAL_Driver/Src/stm32f0xx_hal_gpio.o
                0x08001718                HAL_GPIO_Init
 .text.HAL_GPIO_WritePin
                0x080019f0       0x3c HAL_Driver/Src/stm32f0xx_hal_gpio.o
                0x080019f0                HAL_GPIO_WritePin
 .text.HAL_GPIO_TogglePin
                0x08001a2c       0x24 HAL_Driver/Src/stm32f0xx_hal_gpio.o
                0x08001a2c                HAL_GPIO_TogglePin
 .text.HAL_MspInit
                0x08001a50        0xc HAL_Driver/Src/stm32f0xx_hal_msp_template.o
                0x08001a50                HAL_MspInit
 .text.HAL_RCC_OscConfig
                0x08001a5c      0x6bc HAL_Driver/Src/stm32f0xx_hal_rcc.o
                0x08001a5c                HAL_RCC_OscConfig
 .text.HAL_RCC_ClockConfig
                0x08002118      0x210 HAL_Driver/Src/stm32f0xx_hal_rcc.o
                0x08002118                HAL_RCC_ClockConfig
 .text.HAL_RCC_GetSysClockFreq
                0x08002328      0x104 HAL_Driver/Src/stm32f0xx_hal_rcc.o
                0x08002328                HAL_RCC_GetSysClockFreq
 .text.HAL_RCC_GetHCLKFreq
                0x0800242c       0x14 HAL_Driver/Src/stm32f0xx_hal_rcc.o
                0x0800242c                HAL_RCC_GetHCLKFreq
 .text.HAL_RCC_GetPCLK1Freq
                0x08002440       0x2c HAL_Driver/Src/stm32f0xx_hal_rcc.o
                0x08002440                HAL_RCC_GetPCLK1Freq
 .text.HAL_UART_Init
                0x0800246c       0xb0 HAL_Driver/Src/stm32f0xx_hal_uart.o
                0x0800246c                HAL_UART_Init
 .text.HAL_UART_Transmit
                0x0800251c      0x148 HAL_Driver/Src/stm32f0xx_hal_uart.o
                0x0800251c                HAL_UART_Transmit
 .text.UART_SetConfig
                0x08002664      0x2ec HAL_Driver/Src/stm32f0xx_hal_uart.o
                0x08002664                UART_SetConfig
 .text.UART_AdvFeatureConfig
                0x08002950      0x158 HAL_Driver/Src/stm32f0xx_hal_uart.o
                0x08002950                UART_AdvFeatureConfig
 .text.UART_CheckIdleState
                0x08002aa8       0xa0 HAL_Driver/Src/stm32f0xx_hal_uart.o
                0x08002aa8                UART_CheckIdleState
 .text.UART_WaitOnFlagUntilTimeout
                0x08002b48       0x98 HAL_Driver/Src/stm32f0xx_hal_uart.o
                0x08002b48                UART_WaitOnFlagUntilTimeout
 .text.BSP_LED_Init
                0x08002be0       0x84 Utilities/STM32F0xx_Nucleo_32/stm32f0xx_nucleo_32.o
                0x08002be0                BSP_LED_Init
 .text.BSP_LED_Toggle
                0x08002c64       0x2c Utilities/STM32F0xx_Nucleo_32/stm32f0xx_nucleo_32.o
                0x08002c64                BSP_LED_Toggle
 .text.CreateQueue
                0x08002c90       0x4c src/CanRxMsgQueue.o
                0x08002c90                CreateQueue
 .text.isEmpty  0x08002cdc       0x1c src/CanRxMsgQueue.o
                0x08002cdc                isEmpty
 .text.isFull   0x08002cf8       0x20 src/CanRxMsgQueue.o
                0x08002cf8                isFull
 .text.enQueue  0x08002d18       0x60 src/CanRxMsgQueue.o
                0x08002d18                enQueue
 .text.deQueue  0x08002d78       0x80 src/CanRxMsgQueue.o
                0x08002d78                deQueue
 .text.Error_Handler
                0x08002df8        0x8 src/main.o
 .text.SystemClock_Config
                0x08002e00       0x70 src/main.o
                0x08002e00                SystemClock_Config
 .text.UART_Config
                0x08002e70       0x48 src/main.o
                0x08002e70                UART_Config
 .text.CAN_Config
                0x08002eb8      0x100 src/main.o
 .text.SaveCanBusDataHandler
                0x08002fb8      0x114 src/main.o
                0x08002fb8                SaveCanBusDataHandler
 .text.SendCanBusDataHandler
                0x080030cc       0xc8 src/main.o
                0x080030cc                SendCanBusDataHandler
 .text.SendCanBusDummyData
                0x08003194       0xb0 src/main.o
                0x08003194                SendCanBusDummyData
 .text.main     0x08003244       0x5c src/main.o
                0x08003244                main
 .text.SendMessage
                0x080032a0       0x30 src/protocol.o
                0x080032a0                SendMessage
 .text.HAL_UART_MspInit
                0x080032d0       0xc4 src/stm32f0xx_hal_msp.o
                0x080032d0                HAL_UART_MspInit
 .text.HAL_CAN_MspInit
                0x08003394       0xd0 src/stm32f0xx_hal_msp.o
                0x08003394                HAL_CAN_MspInit
 .text.NMI_Handler
                0x08003464        0xc src/stm32f0xx_it.o
                0x08003464                NMI_Handler
 .text.HardFault_Handler
                0x08003470        0x8 src/stm32f0xx_it.o
                0x08003470                HardFault_Handler
 .text.SVC_Handler
                0x08003478        0xc src/stm32f0xx_it.o
                0x08003478                SVC_Handler
 .text.PendSV_Handler
                0x08003484        0xc src/stm32f0xx_it.o
                0x08003484                PendSV_Handler
 .text.SysTick_Handler
                0x08003490       0x10 src/stm32f0xx_it.o
                0x08003490                SysTick_Handler
 .text.CEC_CAN_IRQHandler
                0x080034a0       0x18 src/stm32f0xx_it.o
                0x080034a0                CEC_CAN_IRQHandler
 .text._sbrk    0x080034b8       0x58 src/syscalls.o
                0x080034b8                _sbrk
 .text.SystemInit
                0x08003510       0x88 src/system_stm32f0xx.o
                0x08003510                SystemInit
 .text.Reset_Handler
                0x08003598       0x70 startup/startup_stm32f042x6.o
                0x08003598                Reset_Handler
 .text.Default_Handler
                0x08003608        0x2 startup/startup_stm32f042x6.o
                0x08003608                TIM1_CC_IRQHandler
                0x08003608                TSC_IRQHandler
                0x08003608                I2C1_IRQHandler
                0x08003608                RCC_CRS_IRQHandler
                0x08003608                SPI1_IRQHandler
                0x08003608                EXTI2_3_IRQHandler
                0x08003608                ADC1_IRQHandler
                0x08003608                TIM17_IRQHandler
                0x08003608                RTC_IRQHandler
                0x08003608                PVD_VDDIO2_IRQHandler
                0x08003608                TIM16_IRQHandler
                0x08003608                TIM3_IRQHandler
                0x08003608                EXTI4_15_IRQHandler
                0x08003608                DMA1_Channel1_IRQHandler
                0x08003608                Default_Handler
                0x08003608                TIM14_IRQHandler
                0x08003608                DMA1_Channel4_5_IRQHandler
                0x08003608                EXTI0_1_IRQHandler
                0x08003608                USB_IRQHandler
                0x08003608                SPI2_IRQHandler
                0x08003608                WWDG_IRQHandler
                0x08003608                TIM2_IRQHandler
                0x08003608                DMA1_Channel2_3_IRQHandler
                0x08003608                USART2_IRQHandler
                0x08003608                FLASH_IRQHandler
                0x08003608                USART1_IRQHandler
                0x08003608                TIM1_BRK_UP_TRG_COM_IRQHandler
 *fill*         0x0800360a        0x2 
 .text.__errno  0x0800360c        0xc c:/ac6/systemworkbench/plugins/fr.ac6.mcu.externaltools.arm-none.win32_1.13.2.201705091103/tools/compiler/bin/../lib/gcc/arm-none-eabi/5.4.1/../../../../arm-none-eabi/lib/armv6-m\libc.a(lib_a-errno.o)
                0x0800360c                __errno
 .text.__libc_init_array
                0x08003618       0x48 c:/ac6/systemworkbench/plugins/fr.ac6.mcu.externaltools.arm-none.win32_1.13.2.201705091103/tools/compiler/bin/../lib/gcc/arm-none-eabi/5.4.1/../../../../arm-none-eabi/lib/armv6-m\libc.a(lib_a-init.o)
                0x08003618                __libc_init_array
 .text.malloc   0x08003660       0x14 c:/ac6/systemworkbench/plugins/fr.ac6.mcu.externaltools.arm-none.win32_1.13.2.201705091103/tools/compiler/bin/../lib/gcc/arm-none-eabi/5.4.1/../../../../arm-none-eabi/lib/armv6-m\libc.a(lib_a-malloc.o)
                0x08003660                malloc
 .text.free     0x08003674       0x14 c:/ac6/systemworkbench/plugins/fr.ac6.mcu.externaltools.arm-none.win32_1.13.2.201705091103/tools/compiler/bin/../lib/gcc/arm-none-eabi/5.4.1/../../../../arm-none-eabi/lib/armv6-m\libc.a(lib_a-malloc.o)
                0x08003674                free
 .text._malloc_r
                0x08003688      0x554 c:/ac6/systemworkbench/plugins/fr.ac6.mcu.externaltools.arm-none.win32_1.13.2.201705091103/tools/compiler/bin/../lib/gcc/arm-none-eabi/5.4.1/../../../../arm-none-eabi/lib/armv6-m\libc.a(lib_a-mallocr.o)
                0x08003688                _malloc_r
 .text.memcpy   0x08003bdc       0x7c c:/ac6/systemworkbench/plugins/fr.ac6.mcu.externaltools.arm-none.win32_1.13.2.201705091103/tools/compiler/bin/../lib/gcc/arm-none-eabi/5.4.1/../../../../arm-none-eabi/lib/armv6-m\libc.a(lib_a-memcpy-stub.o)
                0x08003bdc                memcpy
 .text.__malloc_lock
                0x08003c58        0x4 c:/ac6/systemworkbench/plugins/fr.ac6.mcu.externaltools.arm-none.win32_1.13.2.201705091103/tools/compiler/bin/../lib/gcc/arm-none-eabi/5.4.1/../../../../arm-none-eabi/lib/armv6-m\libc.a(lib_a-mlock.o)
                0x08003c58                __malloc_lock
 .text.__malloc_unlock
                0x08003c5c        0x4 c:/ac6/systemworkbench/plugins/fr.ac6.mcu.externaltools.arm-none.win32_1.13.2.201705091103/tools/compiler/bin/../lib/gcc/arm-none-eabi/5.4.1/../../../../arm-none-eabi/lib/armv6-m\libc.a(lib_a-mlock.o)
                0x08003c5c                __malloc_unlock
 .text._sbrk_r  0x08003c60       0x24 c:/ac6/systemworkbench/plugins/fr.ac6.mcu.externaltools.arm-none.win32_1.13.2.201705091103/tools/compiler/bin/../lib/gcc/arm-none-eabi/5.4.1/../../../../arm-none-eabi/lib/armv6-m\libc.a(lib_a-sbrkr.o)
                0x08003c60                _sbrk_r
 .text.strlen   0x08003c84       0x68 c:/ac6/systemworkbench/plugins/fr.ac6.mcu.externaltools.arm-none.win32_1.13.2.201705091103/tools/compiler/bin/../lib/gcc/arm-none-eabi/5.4.1/../../../../arm-none-eabi/lib/armv6-m\libc.a(lib_a-strlen-stub.o)
                0x08003c84                strlen
 .text.startup.register_fini
                0x08003cec       0x18 c:/ac6/systemworkbench/plugins/fr.ac6.mcu.externaltools.arm-none.win32_1.13.2.201705091103/tools/compiler/bin/../lib/gcc/arm-none-eabi/5.4.1/../../../../arm-none-eabi/lib/armv6-m\libc.a(lib_a-__call_atexit.o)
 .text.atexit   0x08003d04       0x10 c:/ac6/systemworkbench/plugins/fr.ac6.mcu.externaltools.arm-none.win32_1.13.2.201705091103/tools/compiler/bin/../lib/gcc/arm-none-eabi/5.4.1/../../../../arm-none-eabi/lib/armv6-m\libc.a(lib_a-atexit.o)
                0x08003d04                atexit
 .text.__libc_fini_array
                0x08003d14       0x34 c:/ac6/systemworkbench/plugins/fr.ac6.mcu.externaltools.arm-none.win32_1.13.2.201705091103/tools/compiler/bin/../lib/gcc/arm-none-eabi/5.4.1/../../../../arm-none-eabi/lib/armv6-m\libc.a(lib_a-fini.o)
                0x08003d14                __libc_fini_array
 .text._malloc_trim_r
                0x08003d48       0xa0 c:/ac6/systemworkbench/plugins/fr.ac6.mcu.externaltools.arm-none.win32_1.13.2.201705091103/tools/compiler/bin/../lib/gcc/arm-none-eabi/5.4.1/../../../../arm-none-eabi/lib/armv6-m\libc.a(lib_a-freer.o)
                0x08003d48                _malloc_trim_r
 .text._free_r  0x08003de8      0x1c4 c:/ac6/systemworkbench/plugins/fr.ac6.mcu.externaltools.arm-none.win32_1.13.2.201705091103/tools/compiler/bin/../lib/gcc/arm-none-eabi/5.4.1/../../../../arm-none-eabi/lib/armv6-m\libc.a(lib_a-freer.o)
                0x08003de8                _free_r
 .text.__register_exitproc
                0x08003fac       0xd4 c:/ac6/systemworkbench/plugins/fr.ac6.mcu.externaltools.arm-none.win32_1.13.2.201705091103/tools/compiler/bin/../lib/gcc/arm-none-eabi/5.4.1/../../../../arm-none-eabi/lib/armv6-m\libc.a(lib_a-__atexit.o)
                0x08003fac                __register_exitproc
 *(.glue_7)
 .glue_7        0x08004080        0x0 linker stubs
 *(.glue_7t)
 .glue_7t       0x08004080        0x0 linker stubs
 *(.eh_frame)
 .eh_frame      0x08004080        0x0 c:/ac6/systemworkbench/plugins/fr.ac6.mcu.externaltools.arm-none.win32_1.13.2.201705091103/tools/compiler/bin/../lib/gcc/arm-none-eabi/5.4.1/armv6-m/crtbegin.o
 *(.init)
 .init          0x08004080        0x4 c:/ac6/systemworkbench/plugins/fr.ac6.mcu.externaltools.arm-none.win32_1.13.2.201705091103/tools/compiler/bin/../lib/gcc/arm-none-eabi/5.4.1/armv6-m/crti.o
                0x08004080                _init
 .init          0x08004084        0x8 c:/ac6/systemworkbench/plugins/fr.ac6.mcu.externaltools.arm-none.win32_1.13.2.201705091103/tools/compiler/bin/../lib/gcc/arm-none-eabi/5.4.1/armv6-m/crtn.o
 *(.fini)
 .fini          0x0800408c        0x4 c:/ac6/systemworkbench/plugins/fr.ac6.mcu.externaltools.arm-none.win32_1.13.2.201705091103/tools/compiler/bin/../lib/gcc/arm-none-eabi/5.4.1/armv6-m/crti.o
                0x0800408c                _fini
 .fini          0x08004090        0x8 c:/ac6/systemworkbench/plugins/fr.ac6.mcu.externaltools.arm-none.win32_1.13.2.201705091103/tools/compiler/bin/../lib/gcc/arm-none-eabi/5.4.1/armv6-m/crtn.o
                0x08004098                . = ALIGN (0x4)
                0x08004098                _etext = .

.vfp11_veneer   0x08004098        0x0
 .vfp11_veneer  0x08004098        0x0 linker stubs

.v4_bx          0x08004098        0x0
 .v4_bx         0x08004098        0x0 linker stubs

.iplt           0x08004098        0x0
 .iplt          0x08004098        0x0 c:/ac6/systemworkbench/plugins/fr.ac6.mcu.externaltools.arm-none.win32_1.13.2.201705091103/tools/compiler/bin/../lib/gcc/arm-none-eabi/5.4.1/armv6-m/crtbegin.o

.rodata         0x08004098       0x50
                0x08004098                . = ALIGN (0x4)
 *(.rodata)
 .rodata        0x08004098       0x20 HAL_Driver/Src/stm32f0xx_hal_rcc.o
 .rodata        0x080040b8       0x10 src/main.o
 .rodata        0x080040c8        0x2 src/protocol.o
 *fill*         0x080040ca        0x2 
 .rodata        0x080040cc       0x18 src/system_stm32f0xx.o
                0x080040cc                AHBPrescTable
                0x080040dc                APBPrescTable
 *(.rodata*)
 .rodata._global_impure_ptr
                0x080040e4        0x4 c:/ac6/systemworkbench/plugins/fr.ac6.mcu.externaltools.arm-none.win32_1.13.2.201705091103/tools/compiler/bin/../lib/gcc/arm-none-eabi/5.4.1/../../../../arm-none-eabi/lib/armv6-m\libc.a(lib_a-impure.o)
                0x080040e4                _global_impure_ptr
                0x080040e8                . = ALIGN (0x4)

.rel.dyn        0x080040e8        0x0
 .rel.iplt      0x080040e8        0x0 c:/ac6/systemworkbench/plugins/fr.ac6.mcu.externaltools.arm-none.win32_1.13.2.201705091103/tools/compiler/bin/../lib/gcc/arm-none-eabi/5.4.1/armv6-m/crtbegin.o

.ARM.extab      0x080040e8        0x0
                0x080040e8                . = ALIGN (0x4)
 *(.ARM.extab* .gnu.linkonce.armextab.*)
                0x080040e8                . = ALIGN (0x4)

.ARM            0x080040e8        0x0
                0x080040e8                . = ALIGN (0x4)
                0x080040e8                __exidx_start = .
 *(.ARM.exidx*)
                0x080040e8                __exidx_end = .
                0x080040e8                . = ALIGN (0x4)

.preinit_array  0x080040e8        0x0
                0x080040e8                . = ALIGN (0x4)
                0x080040e8                PROVIDE (__preinit_array_start, .)
 *(.preinit_array*)
                0x080040e8                PROVIDE (__preinit_array_end, .)
                0x080040e8                . = ALIGN (0x4)

.init_array     0x080040e8        0x8
                0x080040e8                . = ALIGN (0x4)
                0x080040e8                PROVIDE (__init_array_start, .)
 *(SORT(.init_array.*))
 .init_array.00000
                0x080040e8        0x4 c:/ac6/systemworkbench/plugins/fr.ac6.mcu.externaltools.arm-none.win32_1.13.2.201705091103/tools/compiler/bin/../lib/gcc/arm-none-eabi/5.4.1/../../../../arm-none-eabi/lib/armv6-m\libc.a(lib_a-__call_atexit.o)
 *(.init_array*)
 .init_array    0x080040ec        0x4 c:/ac6/systemworkbench/plugins/fr.ac6.mcu.externaltools.arm-none.win32_1.13.2.201705091103/tools/compiler/bin/../lib/gcc/arm-none-eabi/5.4.1/armv6-m/crtbegin.o
                0x080040f0                PROVIDE (__init_array_end, .)
                0x080040f0                . = ALIGN (0x4)

.fini_array     0x080040f0        0x4
                0x080040f0                . = ALIGN (0x4)
                0x080040f0                PROVIDE (__fini_array_start, .)
 *(SORT(.fini_array.*))
 *(.fini_array*)
 .fini_array    0x080040f0        0x4 c:/ac6/systemworkbench/plugins/fr.ac6.mcu.externaltools.arm-none.win32_1.13.2.201705091103/tools/compiler/bin/../lib/gcc/arm-none-eabi/5.4.1/armv6-m/crtbegin.o
                0x080040f4                PROVIDE (__fini_array_end, .)
                0x080040f4                . = ALIGN (0x4)
                0x080040f4                _sidata = LOADADDR (.data)

.data           0x20000000      0x86c load address 0x080040f4
                0x20000000                . = ALIGN (0x4)
                0x20000000                _sdata = .
 *(.data)
 .data          0x20000000        0x8 Utilities/STM32F0xx_Nucleo_32/stm32f0xx_nucleo_32.o
                0x20000000                LED_PORT
                0x20000004                I2c1Timeout
 .data          0x20000008       0x1f src/main.o
                0x20000008                WelcomeMessage
 *fill*         0x20000027        0x1 
 .data          0x20000028        0x4 src/system_stm32f0xx.o
                0x20000028                SystemCoreClock
 *(.data*)
 *fill*         0x2000002c        0x4 
 .data.impure_data
                0x20000030      0x428 c:/ac6/systemworkbench/plugins/fr.ac6.mcu.externaltools.arm-none.win32_1.13.2.201705091103/tools/compiler/bin/../lib/gcc/arm-none-eabi/5.4.1/../../../../arm-none-eabi/lib/armv6-m\libc.a(lib_a-impure.o)
 .data._impure_ptr
                0x20000458        0x4 c:/ac6/systemworkbench/plugins/fr.ac6.mcu.externaltools.arm-none.win32_1.13.2.201705091103/tools/compiler/bin/../lib/gcc/arm-none-eabi/5.4.1/../../../../arm-none-eabi/lib/armv6-m\libc.a(lib_a-impure.o)
                0x20000458                _impure_ptr
 .data.__malloc_av_
                0x2000045c      0x408 c:/ac6/systemworkbench/plugins/fr.ac6.mcu.externaltools.arm-none.win32_1.13.2.201705091103/tools/compiler/bin/../lib/gcc/arm-none-eabi/5.4.1/../../../../arm-none-eabi/lib/armv6-m\libc.a(lib_a-mallocr.o)
                0x2000045c                __malloc_av_
 .data.__malloc_trim_threshold
                0x20000864        0x4 c:/ac6/systemworkbench/plugins/fr.ac6.mcu.externaltools.arm-none.win32_1.13.2.201705091103/tools/compiler/bin/../lib/gcc/arm-none-eabi/5.4.1/../../../../arm-none-eabi/lib/armv6-m\libc.a(lib_a-mallocr.o)
                0x20000864                __malloc_trim_threshold
 .data.__malloc_sbrk_base
                0x20000868        0x4 c:/ac6/systemworkbench/plugins/fr.ac6.mcu.externaltools.arm-none.win32_1.13.2.201705091103/tools/compiler/bin/../lib/gcc/arm-none-eabi/5.4.1/../../../../arm-none-eabi/lib/armv6-m\libc.a(lib_a-mallocr.o)
                0x20000868                __malloc_sbrk_base
                0x2000086c                . = ALIGN (0x4)
                0x2000086c                _edata = .

.jcr            0x2000086c        0x0 load address 0x08004960
 .jcr           0x2000086c        0x0 c:/ac6/systemworkbench/plugins/fr.ac6.mcu.externaltools.arm-none.win32_1.13.2.201705091103/tools/compiler/bin/../lib/gcc/arm-none-eabi/5.4.1/armv6-m/crtbegin.o

.igot.plt       0x2000086c        0x0 load address 0x08004960
 .igot.plt      0x2000086c        0x0 c:/ac6/systemworkbench/plugins/fr.ac6.mcu.externaltools.arm-none.win32_1.13.2.201705091103/tools/compiler/bin/../lib/gcc/arm-none-eabi/5.4.1/armv6-m/crtbegin.o
                0x2000086c                . = ALIGN (0x4)

.bss            0x2000086c      0x228 load address 0x08004960
                0x2000086c                _sbss = .
                0x2000086c                __bss_start__ = _sbss
 *(.bss)
 .bss           0x2000086c       0x1c c:/ac6/systemworkbench/plugins/fr.ac6.mcu.externaltools.arm-none.win32_1.13.2.201705091103/tools/compiler/bin/../lib/gcc/arm-none-eabi/5.4.1/armv6-m/crtbegin.o
 .bss           0x20000888        0x3 src/main.o
                0x20000888                saveState
                0x20000889                sendState
 *fill*         0x2000088b        0x1 
 .bss           0x2000088c        0x8 src/syscalls.o
                0x2000088c                __env
 *(.bss*)
 .bss.__malloc_max_total_mem
                0x20000894        0x4 c:/ac6/systemworkbench/plugins/fr.ac6.mcu.externaltools.arm-none.win32_1.13.2.201705091103/tools/compiler/bin/../lib/gcc/arm-none-eabi/5.4.1/../../../../arm-none-eabi/lib/armv6-m\libc.a(lib_a-mallocr.o)
                0x20000894                __malloc_max_total_mem
 .bss.__malloc_max_sbrked_mem
                0x20000898        0x4 c:/ac6/systemworkbench/plugins/fr.ac6.mcu.externaltools.arm-none.win32_1.13.2.201705091103/tools/compiler/bin/../lib/gcc/arm-none-eabi/5.4.1/../../../../arm-none-eabi/lib/armv6-m\libc.a(lib_a-mallocr.o)
                0x20000898                __malloc_max_sbrked_mem
 .bss.__malloc_top_pad
                0x2000089c        0x4 c:/ac6/systemworkbench/plugins/fr.ac6.mcu.externaltools.arm-none.win32_1.13.2.201705091103/tools/compiler/bin/../lib/gcc/arm-none-eabi/5.4.1/../../../../arm-none-eabi/lib/armv6-m\libc.a(lib_a-mallocr.o)
                0x2000089c                __malloc_top_pad
 .bss.__malloc_current_mallinfo
                0x200008a0       0x28 c:/ac6/systemworkbench/plugins/fr.ac6.mcu.externaltools.arm-none.win32_1.13.2.201705091103/tools/compiler/bin/../lib/gcc/arm-none-eabi/5.4.1/../../../../arm-none-eabi/lib/armv6-m\libc.a(lib_a-mallocr.o)
                0x200008a0                __malloc_current_mallinfo
 *(COMMON)
 COMMON         0x200008c8        0x4 HAL_Driver/Src/stm32f0xx_hal.o
                0x200008c8                uwTick
 COMMON         0x200008cc      0x1c4 src/main.o
                0x200008cc                RxFIFO0
                0x200008d0                CAN_RxMessage
                0x200008f4                CAN_TxMessage
                0x20000910                CanHandle
                0x20000954                UartHandle
                0x200009c4                RxBuffer
                0x20000a28                RxFIFO1
                0x20000a2c                TxBuffer
 COMMON         0x20000a90        0x4 c:/ac6/systemworkbench/plugins/fr.ac6.mcu.externaltools.arm-none.win32_1.13.2.201705091103/tools/compiler/bin/../lib/gcc/arm-none-eabi/5.4.1/../../../../arm-none-eabi/lib/armv6-m\libc.a(lib_a-reent.o)
                0x20000a90                errno
                0x20000a94                . = ALIGN (0x4)
                0x20000a94                _ebss = .
                0x20000a94                __bss_end__ = _ebss

._user_heap_stack
                0x20000a94      0x404 load address 0x08004960
                0x20000a98                . = ALIGN (0x8)
 *fill*         0x20000a94        0x4 
                0x20000a98                PROVIDE (end, .)
                [!provide]                PROVIDE (_end, .)
                0x20000a98                . = (. + _Min_Heap_Size)
                0x20000e98                . = (. + _Min_Stack_Size)
 *fill*         0x20000a98      0x400 
                0x20000e98                . = ALIGN (0x8)

/DISCARD/
 libc.a(*)
 libm.a(*)
 libgcc.a(*)

.ARM.attributes
                0x00000000       0x28
 *(.ARM.attributes)
 .ARM.attributes
                0x00000000       0x1e c:/ac6/systemworkbench/plugins/fr.ac6.mcu.externaltools.arm-none.win32_1.13.2.201705091103/tools/compiler/bin/../lib/gcc/arm-none-eabi/5.4.1/armv6-m/crti.o
 .ARM.attributes
                0x0000001e       0x2c c:/ac6/systemworkbench/plugins/fr.ac6.mcu.externaltools.arm-none.win32_1.13.2.201705091103/tools/compiler/bin/../lib/gcc/arm-none-eabi/5.4.1/armv6-m/crtbegin.o
 .ARM.attributes
                0x0000004a       0x31 HAL_Driver/Src/stm32f0xx_hal.o
 .ARM.attributes
                0x0000007b       0x31 HAL_Driver/Src/stm32f0xx_hal_can.o
 .ARM.attributes
                0x000000ac       0x31 HAL_Driver/Src/stm32f0xx_hal_cortex.o
 .ARM.attributes
                0x000000dd       0x31 HAL_Driver/Src/stm32f0xx_hal_gpio.o
 .ARM.attributes
                0x0000010e       0x31 HAL_Driver/Src/stm32f0xx_hal_msp_template.o
 .ARM.attributes
                0x0000013f       0x31 HAL_Driver/Src/stm32f0xx_hal_rcc.o
 .ARM.attributes
                0x00000170       0x31 HAL_Driver/Src/stm32f0xx_hal_uart.o
 .ARM.attributes
                0x000001a1       0x31 Utilities/STM32F0xx_Nucleo_32/stm32f0xx_nucleo_32.o
 .ARM.attributes
                0x000001d2       0x31 src/CanRxMsgQueue.o
 .ARM.attributes
                0x00000203       0x31 src/main.o
 .ARM.attributes
                0x00000234       0x31 src/protocol.o
 .ARM.attributes
                0x00000265       0x31 src/stm32f0xx_hal_msp.o
 .ARM.attributes
                0x00000296       0x31 src/stm32f0xx_it.o
 .ARM.attributes
                0x000002c7       0x31 src/syscalls.o
 .ARM.attributes
                0x000002f8       0x31 src/system_stm32f0xx.o
 .ARM.attributes
                0x00000329       0x21 startup/startup_stm32f042x6.o
 .ARM.attributes
                0x0000034a       0x1e c:/ac6/systemworkbench/plugins/fr.ac6.mcu.externaltools.arm-none.win32_1.13.2.201705091103/tools/compiler/bin/../lib/gcc/arm-none-eabi/5.4.1/armv6-m\libgcc.a(_udivsi3.o)
 .ARM.attributes
                0x00000368       0x1e c:/ac6/systemworkbench/plugins/fr.ac6.mcu.externaltools.arm-none.win32_1.13.2.201705091103/tools/compiler/bin/../lib/gcc/arm-none-eabi/5.4.1/armv6-m\libgcc.a(_dvmd_tls.o)
 .ARM.attributes
                0x00000386       0x2c c:/ac6/systemworkbench/plugins/fr.ac6.mcu.externaltools.arm-none.win32_1.13.2.201705091103/tools/compiler/bin/../lib/gcc/arm-none-eabi/5.4.1/../../../../arm-none-eabi/lib/armv6-m\libc.a(lib_a-errno.o)
 .ARM.attributes
                0x000003b2       0x2c c:/ac6/systemworkbench/plugins/fr.ac6.mcu.externaltools.arm-none.win32_1.13.2.201705091103/tools/compiler/bin/../lib/gcc/arm-none-eabi/5.4.1/../../../../arm-none-eabi/lib/armv6-m\libc.a(lib_a-impure.o)
 .ARM.attributes
                0x000003de       0x2c c:/ac6/systemworkbench/plugins/fr.ac6.mcu.externaltools.arm-none.win32_1.13.2.201705091103/tools/compiler/bin/../lib/gcc/arm-none-eabi/5.4.1/../../../../arm-none-eabi/lib/armv6-m\libc.a(lib_a-init.o)
 .ARM.attributes
                0x0000040a       0x2c c:/ac6/systemworkbench/plugins/fr.ac6.mcu.externaltools.arm-none.win32_1.13.2.201705091103/tools/compiler/bin/../lib/gcc/arm-none-eabi/5.4.1/../../../../arm-none-eabi/lib/armv6-m\libc.a(lib_a-malloc.o)
 .ARM.attributes
                0x00000436       0x2c c:/ac6/systemworkbench/plugins/fr.ac6.mcu.externaltools.arm-none.win32_1.13.2.201705091103/tools/compiler/bin/../lib/gcc/arm-none-eabi/5.4.1/../../../../arm-none-eabi/lib/armv6-m\libc.a(lib_a-mallocr.o)
 .ARM.attributes
                0x00000462       0x2c c:/ac6/systemworkbench/plugins/fr.ac6.mcu.externaltools.arm-none.win32_1.13.2.201705091103/tools/compiler/bin/../lib/gcc/arm-none-eabi/5.4.1/../../../../arm-none-eabi/lib/armv6-m\libc.a(lib_a-memcpy-stub.o)
 .ARM.attributes
                0x0000048e       0x2c c:/ac6/systemworkbench/plugins/fr.ac6.mcu.externaltools.arm-none.win32_1.13.2.201705091103/tools/compiler/bin/../lib/gcc/arm-none-eabi/5.4.1/../../../../arm-none-eabi/lib/armv6-m\libc.a(lib_a-mlock.o)
 .ARM.attributes
                0x000004ba       0x2c c:/ac6/systemworkbench/plugins/fr.ac6.mcu.externaltools.arm-none.win32_1.13.2.201705091103/tools/compiler/bin/../lib/gcc/arm-none-eabi/5.4.1/../../../../arm-none-eabi/lib/armv6-m\libc.a(lib_a-sbrkr.o)
 .ARM.attributes
                0x000004e6       0x2c c:/ac6/systemworkbench/plugins/fr.ac6.mcu.externaltools.arm-none.win32_1.13.2.201705091103/tools/compiler/bin/../lib/gcc/arm-none-eabi/5.4.1/../../../../arm-none-eabi/lib/armv6-m\libc.a(lib_a-strlen-stub.o)
 .ARM.attributes
                0x00000512       0x2c c:/ac6/systemworkbench/plugins/fr.ac6.mcu.externaltools.arm-none.win32_1.13.2.201705091103/tools/compiler/bin/../lib/gcc/arm-none-eabi/5.4.1/../../../../arm-none-eabi/lib/armv6-m\libc.a(lib_a-__call_atexit.o)
 .ARM.attributes
                0x0000053e       0x2c c:/ac6/systemworkbench/plugins/fr.ac6.mcu.externaltools.arm-none.win32_1.13.2.201705091103/tools/compiler/bin/../lib/gcc/arm-none-eabi/5.4.1/../../../../arm-none-eabi/lib/armv6-m\libc.a(lib_a-atexit.o)
 .ARM.attributes
                0x0000056a       0x2c c:/ac6/systemworkbench/plugins/fr.ac6.mcu.externaltools.arm-none.win32_1.13.2.201705091103/tools/compiler/bin/../lib/gcc/arm-none-eabi/5.4.1/../../../../arm-none-eabi/lib/armv6-m\libc.a(lib_a-fini.o)
 .ARM.attributes
                0x00000596       0x2c c:/ac6/systemworkbench/plugins/fr.ac6.mcu.externaltools.arm-none.win32_1.13.2.201705091103/tools/compiler/bin/../lib/gcc/arm-none-eabi/5.4.1/../../../../arm-none-eabi/lib/armv6-m\libc.a(lib_a-freer.o)
 .ARM.attributes
                0x000005c2       0x2c c:/ac6/systemworkbench/plugins/fr.ac6.mcu.externaltools.arm-none.win32_1.13.2.201705091103/tools/compiler/bin/../lib/gcc/arm-none-eabi/5.4.1/../../../../arm-none-eabi/lib/armv6-m\libc.a(lib_a-reent.o)
 .ARM.attributes
                0x000005ee       0x2c c:/ac6/systemworkbench/plugins/fr.ac6.mcu.externaltools.arm-none.win32_1.13.2.201705091103/tools/compiler/bin/../lib/gcc/arm-none-eabi/5.4.1/../../../../arm-none-eabi/lib/armv6-m\libc.a(lib_a-__atexit.o)
 .ARM.attributes
                0x0000061a       0x1e c:/ac6/systemworkbench/plugins/fr.ac6.mcu.externaltools.arm-none.win32_1.13.2.201705091103/tools/compiler/bin/../lib/gcc/arm-none-eabi/5.4.1/armv6-m/crtn.o
OUTPUT(canreader.elf elf32-littlearm)

.debug_info     0x00000000     0x7b4a
 .debug_info    0x00000000      0x569 HAL_Driver/Src/stm32f0xx_hal.o
 .debug_info    0x00000569      0xa81 HAL_Driver/Src/stm32f0xx_hal_can.o
 .debug_info    0x00000fea      0x6bf HAL_Driver/Src/stm32f0xx_hal_cortex.o
 .debug_info    0x000016a9      0x5e1 HAL_Driver/Src/stm32f0xx_hal_gpio.o
 .debug_info    0x00001c8a       0xc9 HAL_Driver/Src/stm32f0xx_hal_msp_template.o
 .debug_info    0x00001d53      0x7ab HAL_Driver/Src/stm32f0xx_hal_rcc.o
 .debug_info    0x000024fe     0x1300 HAL_Driver/Src/stm32f0xx_hal_uart.o
 .debug_info    0x000037fe      0xcbf Utilities/STM32F0xx_Nucleo_32/stm32f0xx_nucleo_32.o
 .debug_info    0x000044bd      0x375 src/CanRxMsgQueue.o
 .debug_info    0x00004832      0xee8 src/main.o
 .debug_info    0x0000571a      0x684 src/protocol.o
 .debug_info    0x00005d9e      0xe39 src/stm32f0xx_hal_msp.o
 .debug_info    0x00006bd7      0x5ec src/stm32f0xx_it.o
 .debug_info    0x000071c3      0x6ca src/syscalls.o
 .debug_info    0x0000788d      0x247 src/system_stm32f0xx.o
 .debug_info    0x00007ad4       0x76 startup/startup_stm32f042x6.o

.debug_abbrev   0x00000000     0x171c
 .debug_abbrev  0x00000000      0x179 HAL_Driver/Src/stm32f0xx_hal.o
 .debug_abbrev  0x00000179      0x1c9 HAL_Driver/Src/stm32f0xx_hal_can.o
 .debug_abbrev  0x00000342      0x234 HAL_Driver/Src/stm32f0xx_hal_cortex.o
 .debug_abbrev  0x00000576      0x1b6 HAL_Driver/Src/stm32f0xx_hal_gpio.o
 .debug_abbrev  0x0000072c       0x45 HAL_Driver/Src/stm32f0xx_hal_msp_template.o
 .debug_abbrev  0x00000771      0x1eb HAL_Driver/Src/stm32f0xx_hal_rcc.o
 .debug_abbrev  0x0000095c      0x1c8 HAL_Driver/Src/stm32f0xx_hal_uart.o
 .debug_abbrev  0x00000b24      0x244 Utilities/STM32F0xx_Nucleo_32/stm32f0xx_nucleo_32.o
 .debug_abbrev  0x00000d68      0x155 src/CanRxMsgQueue.o
 .debug_abbrev  0x00000ebd      0x20c src/main.o
 .debug_abbrev  0x000010c9      0x137 src/protocol.o
 .debug_abbrev  0x00001200      0x195 src/stm32f0xx_hal_msp.o
 .debug_abbrev  0x00001395      0x10b src/stm32f0xx_it.o
 .debug_abbrev  0x000014a0      0x177 src/syscalls.o
 .debug_abbrev  0x00001617       0xf3 src/system_stm32f0xx.o
 .debug_abbrev  0x0000170a       0x12 startup/startup_stm32f042x6.o

.debug_aranges  0x00000000      0x7f0
 .debug_aranges
                0x00000000       0xb8 HAL_Driver/Src/stm32f0xx_hal.o
 .debug_aranges
                0x000000b8       0xb0 HAL_Driver/Src/stm32f0xx_hal_can.o
 .debug_aranges
                0x00000168       0xc0 HAL_Driver/Src/stm32f0xx_hal_cortex.o
 .debug_aranges
                0x00000228       0x58 HAL_Driver/Src/stm32f0xx_hal_gpio.o
 .debug_aranges
                0x00000280       0x38 HAL_Driver/Src/stm32f0xx_hal_msp_template.o
 .debug_aranges
                0x000002b8       0x80 HAL_Driver/Src/stm32f0xx_hal_rcc.o
 .debug_aranges
                0x00000338      0x1d8 HAL_Driver/Src/stm32f0xx_hal_uart.o
 .debug_aranges
                0x00000510       0x90 Utilities/STM32F0xx_Nucleo_32/stm32f0xx_nucleo_32.o
 .debug_aranges
                0x000005a0       0x58 src/CanRxMsgQueue.o
 .debug_aranges
                0x000005f8       0x58 src/main.o
 .debug_aranges
                0x00000650       0x20 src/protocol.o
 .debug_aranges
                0x00000670       0x38 src/stm32f0xx_hal_msp.o
 .debug_aranges
                0x000006a8       0x48 src/stm32f0xx_it.o
 .debug_aranges
                0x000006f0       0xb0 src/syscalls.o
 .debug_aranges
                0x000007a0       0x28 src/system_stm32f0xx.o
 .debug_aranges
                0x000007c8       0x28 startup/startup_stm32f042x6.o

.debug_ranges   0x00000000      0x6f8
 .debug_ranges  0x00000000       0xa8 HAL_Driver/Src/stm32f0xx_hal.o
 .debug_ranges  0x000000a8       0xa0 HAL_Driver/Src/stm32f0xx_hal_can.o
 .debug_ranges  0x00000148       0xb0 HAL_Driver/Src/stm32f0xx_hal_cortex.o
 .debug_ranges  0x000001f8       0x48 HAL_Driver/Src/stm32f0xx_hal_gpio.o
 .debug_ranges  0x00000240       0x28 HAL_Driver/Src/stm32f0xx_hal_msp_template.o
 .debug_ranges  0x00000268       0x70 HAL_Driver/Src/stm32f0xx_hal_rcc.o
 .debug_ranges  0x000002d8      0x1c8 HAL_Driver/Src/stm32f0xx_hal_uart.o
 .debug_ranges  0x000004a0       0x80 Utilities/STM32F0xx_Nucleo_32/stm32f0xx_nucleo_32.o
 .debug_ranges  0x00000520       0x48 src/CanRxMsgQueue.o
 .debug_ranges  0x00000568       0x48 src/main.o
 .debug_ranges  0x000005b0       0x10 src/protocol.o
 .debug_ranges  0x000005c0       0x28 src/stm32f0xx_hal_msp.o
 .debug_ranges  0x000005e8       0x38 src/stm32f0xx_it.o
 .debug_ranges  0x00000620       0xa0 src/syscalls.o
 .debug_ranges  0x000006c0       0x18 src/system_stm32f0xx.o
 .debug_ranges  0x000006d8       0x20 startup/startup_stm32f042x6.o

.debug_macro    0x00000000    0x1a978
 .debug_macro   0x00000000      0x420 HAL_Driver/Src/stm32f0xx_hal.o
 .debug_macro   0x00000420      0x844 HAL_Driver/Src/stm32f0xx_hal.o
 .debug_macro   0x00000c64      0x116 HAL_Driver/Src/stm32f0xx_hal.o
 .debug_macro   0x00000d7a       0x28 HAL_Driver/Src/stm32f0xx_hal.o
 .debug_macro   0x00000da2       0x22 HAL_Driver/Src/stm32f0xx_hal.o
 .debug_macro   0x00000dc4       0x22 HAL_Driver/Src/stm32f0xx_hal.o
 .debug_macro   0x00000de6       0x87 HAL_Driver/Src/stm32f0xx_hal.o
 .debug_macro   0x00000e6d       0x44 HAL_Driver/Src/stm32f0xx_hal.o
 .debug_macro   0x00000eb1       0xfd HAL_Driver/Src/stm32f0xx_hal.o
 .debug_macro   0x00000fae       0x5e HAL_Driver/Src/stm32f0xx_hal.o
 .debug_macro   0x0000100c      0x1df HAL_Driver/Src/stm32f0xx_hal.o
 .debug_macro   0x000011eb       0x34 HAL_Driver/Src/stm32f0xx_hal.o
 .debug_macro   0x0000121f       0x26 HAL_Driver/Src/stm32f0xx_hal.o
 .debug_macro   0x00001245      0x30d HAL_Driver/Src/stm32f0xx_hal.o
 .debug_macro   0x00001552     0xf1ed HAL_Driver/Src/stm32f0xx_hal.o
 .debug_macro   0x0001073f       0x3c HAL_Driver/Src/stm32f0xx_hal.o
 .debug_macro   0x0001077b       0x52 HAL_Driver/Src/stm32f0xx_hal.o
 .debug_macro   0x000107cd       0x35 HAL_Driver/Src/stm32f0xx_hal.o
 .debug_macro   0x00010802       0x9c HAL_Driver/Src/stm32f0xx_hal.o
 .debug_macro   0x0001089e       0x16 HAL_Driver/Src/stm32f0xx_hal.o
 .debug_macro   0x000108b4       0x97 HAL_Driver/Src/stm32f0xx_hal.o
 .debug_macro   0x0001094b      0x30d HAL_Driver/Src/stm32f0xx_hal.o
 .debug_macro   0x00010c58       0xfd HAL_Driver/Src/stm32f0xx_hal.o
 .debug_macro   0x00010d55       0x10 HAL_Driver/Src/stm32f0xx_hal.o
 .debug_macro   0x00010d65       0x52 HAL_Driver/Src/stm32f0xx_hal.o
 .debug_macro   0x00010db7       0x1f HAL_Driver/Src/stm32f0xx_hal.o
 .debug_macro   0x00010dd6       0x43 HAL_Driver/Src/stm32f0xx_hal.o
 .debug_macro   0x00010e19       0x20 HAL_Driver/Src/stm32f0xx_hal.o
 .debug_macro   0x00010e39      0x187 HAL_Driver/Src/stm32f0xx_hal.o
 .debug_macro   0x00010fc0       0x10 HAL_Driver/Src/stm32f0xx_hal.o
 .debug_macro   0x00010fd0       0x1c HAL_Driver/Src/stm32f0xx_hal.o
 .debug_macro   0x00010fec       0x52 HAL_Driver/Src/stm32f0xx_hal.o
 .debug_macro   0x0001103e       0x40 HAL_Driver/Src/stm32f0xx_hal.o
 .debug_macro   0x0001107e       0x10 HAL_Driver/Src/stm32f0xx_hal.o
 .debug_macro   0x0001108e       0x40 HAL_Driver/Src/stm32f0xx_hal.o
 .debug_macro   0x000110ce       0xd7 HAL_Driver/Src/stm32f0xx_hal.o
 .debug_macro   0x000111a5       0x16 HAL_Driver/Src/stm32f0xx_hal.o
 .debug_macro   0x000111bb      0x18b HAL_Driver/Src/stm32f0xx_hal.o
 .debug_macro   0x00011346       0x50 HAL_Driver/Src/stm32f0xx_hal.o
 .debug_macro   0x00011396      0x951 HAL_Driver/Src/stm32f0xx_hal.o
 .debug_macro   0x00011ce7      0x46b HAL_Driver/Src/stm32f0xx_hal.o
 .debug_macro   0x00012152      0x13a HAL_Driver/Src/stm32f0xx_hal.o
 .debug_macro   0x0001228c      0x130 HAL_Driver/Src/stm32f0xx_hal.o
 .debug_macro   0x000123bc      0x1ed HAL_Driver/Src/stm32f0xx_hal.o
 .debug_macro   0x000125a9       0x34 HAL_Driver/Src/stm32f0xx_hal.o
 .debug_macro   0x000125dd       0x43 HAL_Driver/Src/stm32f0xx_hal.o
 .debug_macro   0x00012620       0x28 HAL_Driver/Src/stm32f0xx_hal.o
 .debug_macro   0x00012648      0x33d HAL_Driver/Src/stm32f0xx_hal.o
 .debug_macro   0x00012985       0xce HAL_Driver/Src/stm32f0xx_hal.o
 .debug_macro   0x00012a53      0x391 HAL_Driver/Src/stm32f0xx_hal.o
 .debug_macro   0x00012de4      0x2e2 HAL_Driver/Src/stm32f0xx_hal.o
 .debug_macro   0x000130c6       0x81 HAL_Driver/Src/stm32f0xx_hal.o
 .debug_macro   0x00013147       0x5a HAL_Driver/Src/stm32f0xx_hal.o
 .debug_macro   0x000131a1       0x12 HAL_Driver/Src/stm32f0xx_hal.o
 .debug_macro   0x000131b3       0xb6 HAL_Driver/Src/stm32f0xx_hal.o
 .debug_macro   0x00013269      0x182 HAL_Driver/Src/stm32f0xx_hal.o
 .debug_macro   0x000133eb      0x202 HAL_Driver/Src/stm32f0xx_hal.o
 .debug_macro   0x000135ed       0x61 HAL_Driver/Src/stm32f0xx_hal.o
 .debug_macro   0x0001364e       0x90 HAL_Driver/Src/stm32f0xx_hal.o
 .debug_macro   0x000136de      0x1a0 HAL_Driver/Src/stm32f0xx_hal.o
 .debug_macro   0x0001387e      0x264 HAL_Driver/Src/stm32f0xx_hal.o
 .debug_macro   0x00013ae2       0x30 HAL_Driver/Src/stm32f0xx_hal.o
 .debug_macro   0x00013b12       0x87 HAL_Driver/Src/stm32f0xx_hal.o
 .debug_macro   0x00013b99      0x265 HAL_Driver/Src/stm32f0xx_hal.o
 .debug_macro   0x00013dfe       0x4d HAL_Driver/Src/stm32f0xx_hal.o
 .debug_macro   0x00013e4b      0x161 HAL_Driver/Src/stm32f0xx_hal.o
 .debug_macro   0x00013fac      0x2e2 HAL_Driver/Src/stm32f0xx_hal.o
 .debug_macro   0x0001428e      0x2cb HAL_Driver/Src/stm32f0xx_hal.o
 .debug_macro   0x00014559       0xdd HAL_Driver/Src/stm32f0xx_hal.o
 .debug_macro   0x00014636      0x391 HAL_Driver/Src/stm32f0xx_hal.o
 .debug_macro   0x000149c7       0x10 HAL_Driver/Src/stm32f0xx_hal.o
 .debug_macro   0x000149d7      0x356 HAL_Driver/Src/stm32f0xx_hal.o
 .debug_macro   0x00014d2d      0x2f0 HAL_Driver/Src/stm32f0xx_hal.o
 .debug_macro   0x0001501d      0x845 HAL_Driver/Src/stm32f0xx_hal.o
 .debug_macro   0x00015862       0x45 HAL_Driver/Src/stm32f0xx_hal.o
 .debug_macro   0x000158a7      0x46a HAL_Driver/Src/stm32f0xx_hal.o
 .debug_macro   0x00015d11      0x38a HAL_Driver/Src/stm32f0xx_hal.o
 .debug_macro   0x0001609b      0x209 HAL_Driver/Src/stm32f0xx_hal.o
 .debug_macro   0x000162a4      0x1df HAL_Driver/Src/stm32f0xx_hal.o
 .debug_macro   0x00016483       0x99 HAL_Driver/Src/stm32f0xx_hal.o
 .debug_macro   0x0001651c       0x89 HAL_Driver/Src/stm32f0xx_hal.o
 .debug_macro   0x000165a5      0x127 HAL_Driver/Src/stm32f0xx_hal.o
 .debug_macro   0x000166cc      0x402 HAL_Driver/Src/stm32f0xx_hal_can.o
 .debug_macro   0x00016ace      0x3fc HAL_Driver/Src/stm32f0xx_hal_cortex.o
 .debug_macro   0x00016eca      0x434 HAL_Driver/Src/stm32f0xx_hal_gpio.o
 .debug_macro   0x000172fe      0x3fc HAL_Driver/Src/stm32f0xx_hal_msp_template.o
 .debug_macro   0x000176fa      0x40e HAL_Driver/Src/stm32f0xx_hal_rcc.o
 .debug_macro   0x00017b08      0x404 HAL_Driver/Src/stm32f0xx_hal_uart.o
 .debug_macro   0x00017f0c      0x429 Utilities/STM32F0xx_Nucleo_32/stm32f0xx_nucleo_32.o
 .debug_macro   0x00018335       0x8b Utilities/STM32F0xx_Nucleo_32/stm32f0xx_nucleo_32.o
 .debug_macro   0x000183c0      0x456 src/CanRxMsgQueue.o
 .debug_macro   0x00018816       0x91 src/CanRxMsgQueue.o
 .debug_macro   0x000188a7       0xb2 src/CanRxMsgQueue.o
 .debug_macro   0x00018959       0x16 src/CanRxMsgQueue.o
 .debug_macro   0x0001896f       0x35 src/CanRxMsgQueue.o
 .debug_macro   0x000189a4       0x16 src/CanRxMsgQueue.o
 .debug_macro   0x000189ba       0x29 src/CanRxMsgQueue.o
 .debug_macro   0x000189e3      0x44c src/main.o
 .debug_macro   0x00018e2f       0x4c src/main.o
 .debug_macro   0x00018e7b       0x8d src/main.o
 .debug_macro   0x00018f08       0x4a src/main.o
 .debug_macro   0x00018f52       0x16 src/main.o
 .debug_macro   0x00018f68       0x10 src/main.o
 .debug_macro   0x00018f78      0x438 src/protocol.o
 .debug_macro   0x000193b0      0x414 src/stm32f0xx_hal_msp.o
 .debug_macro   0x000197c4      0x41e src/stm32f0xx_it.o
 .debug_macro   0x00019be2      0x22b src/syscalls.o
 .debug_macro   0x00019e0d      0x174 src/syscalls.o
 .debug_macro   0x00019f81       0x10 src/syscalls.o
 .debug_macro   0x00019f91       0x10 src/syscalls.o
 .debug_macro   0x00019fa1       0x10 src/syscalls.o
 .debug_macro   0x00019fb1       0x35 src/syscalls.o
 .debug_macro   0x00019fe6      0x122 src/syscalls.o
 .debug_macro   0x0001a108       0x10 src/syscalls.o
 .debug_macro   0x0001a118      0x241 src/syscalls.o
 .debug_macro   0x0001a359       0x1c src/syscalls.o
 .debug_macro   0x0001a375       0x10 src/syscalls.o
 .debug_macro   0x0001a385      0x159 src/syscalls.o
 .debug_macro   0x0001a4de       0x16 src/syscalls.o
 .debug_macro   0x0001a4f4       0x88 src/syscalls.o
 .debug_macro   0x0001a57c      0x3fc src/system_stm32f0xx.o

.debug_line     0x00000000     0xa6ab
 .debug_line    0x00000000      0xac2 HAL_Driver/Src/stm32f0xx_hal.o
 .debug_line    0x00000ac2      0xe4d HAL_Driver/Src/stm32f0xx_hal_can.o
 .debug_line    0x0000190f      0xb14 HAL_Driver/Src/stm32f0xx_hal_cortex.o
 .debug_line    0x00002423      0xab5 HAL_Driver/Src/stm32f0xx_hal_gpio.o
 .debug_line    0x00002ed8      0x996 HAL_Driver/Src/stm32f0xx_hal_msp_template.o
 .debug_line    0x0000386e      0xbd6 HAL_Driver/Src/stm32f0xx_hal_rcc.o
 .debug_line    0x00004444     0x12df HAL_Driver/Src/stm32f0xx_hal_uart.o
 .debug_line    0x00005723      0xac8 Utilities/STM32F0xx_Nucleo_32/stm32f0xx_nucleo_32.o
 .debug_line    0x000061eb      0xadd src/CanRxMsgQueue.o
 .debug_line    0x00006cc8      0xb59 src/main.o
 .debug_line    0x00007821      0xa15 src/protocol.o
 .debug_line    0x00008236      0xa42 src/stm32f0xx_hal_msp.o
 .debug_line    0x00008c78      0xa52 src/stm32f0xx_it.o
 .debug_line    0x000096ca      0x5c1 src/syscalls.o
 .debug_line    0x00009c8b      0x98b src/system_stm32f0xx.o
 .debug_line    0x0000a616       0x95 startup/startup_stm32f042x6.o

.debug_str      0x00000000    0x8fae5
 .debug_str     0x00000000    0x8c04e HAL_Driver/Src/stm32f0xx_hal.o
                              0x8c2cf (size before relaxing)
 .debug_str     0x0008c04e      0x551 HAL_Driver/Src/stm32f0xx_hal_can.o
                              0x8c33e (size before relaxing)
 .debug_str     0x0008c59f      0x1dc HAL_Driver/Src/stm32f0xx_hal_cortex.o
                              0x8c1b9 (size before relaxing)
 .debug_str     0x0008c77b      0x282 HAL_Driver/Src/stm32f0xx_hal_gpio.o
                              0x8c08d (size before relaxing)
 .debug_str     0x0008c9fd       0x51 HAL_Driver/Src/stm32f0xx_hal_msp_template.o
                              0x8bda2 (size before relaxing)
 .debug_str     0x0008ca4e      0x36a HAL_Driver/Src/stm32f0xx_hal_rcc.o
                              0x8c213 (size before relaxing)
 .debug_str     0x0008cdb8      0xa51 HAL_Driver/Src/stm32f0xx_hal_uart.o
                              0x8c930 (size before relaxing)
 .debug_str     0x0008d809      0x9c0 Utilities/STM32F0xx_Nucleo_32/stm32f0xx_nucleo_32.o
                              0x8ca55 (size before relaxing)
 .debug_str     0x0008e1c9      0x550 src/CanRxMsgQueue.o
                              0x8c646 (size before relaxing)
 .debug_str     0x0008e719      0x22b src/main.o
                              0x8d010 (size before relaxing)
 .debug_str     0x0008e944       0x27 src/protocol.o
                              0x8c97d (size before relaxing)
 .debug_str     0x0008e96b       0x1b src/stm32f0xx_hal_msp.o
                              0x8ce5e (size before relaxing)
 .debug_str     0x0008e986       0x71 src/stm32f0xx_it.o
                              0x8c817 (size before relaxing)
 .debug_str     0x0008e9f7     0x1094 src/syscalls.o
                               0x7571 (size before relaxing)
 .debug_str     0x0008fa8b       0x5a src/system_stm32f0xx.o
                              0x8be36 (size before relaxing)

.comment        0x00000000       0x6e
 .comment       0x00000000       0x6e HAL_Driver/Src/stm32f0xx_hal.o
                                 0x6f (size before relaxing)
 .comment       0x0000006e       0x6f HAL_Driver/Src/stm32f0xx_hal_can.o
 .comment       0x0000006e       0x6f HAL_Driver/Src/stm32f0xx_hal_cortex.o
 .comment       0x0000006e       0x6f HAL_Driver/Src/stm32f0xx_hal_gpio.o
 .comment       0x0000006e       0x6f HAL_Driver/Src/stm32f0xx_hal_msp_template.o
 .comment       0x0000006e       0x6f HAL_Driver/Src/stm32f0xx_hal_rcc.o
 .comment       0x0000006e       0x6f HAL_Driver/Src/stm32f0xx_hal_uart.o
 .comment       0x0000006e       0x6f Utilities/STM32F0xx_Nucleo_32/stm32f0xx_nucleo_32.o
 .comment       0x0000006e       0x6f src/CanRxMsgQueue.o
 .comment       0x0000006e       0x6f src/main.o
 .comment       0x0000006e       0x6f src/protocol.o
 .comment       0x0000006e       0x6f src/stm32f0xx_hal_msp.o
 .comment       0x0000006e       0x6f src/stm32f0xx_it.o
 .comment       0x0000006e       0x6f src/syscalls.o
 .comment       0x0000006e       0x6f src/system_stm32f0xx.o

.debug_frame    0x00000000     0x1ccc
 .debug_frame   0x00000000      0x248 HAL_Driver/Src/stm32f0xx_hal.o
 .debug_frame   0x00000248      0x270 HAL_Driver/Src/stm32f0xx_hal_can.o
 .debug_frame   0x000004b8      0x2a4 HAL_Driver/Src/stm32f0xx_hal_cortex.o
 .debug_frame   0x0000075c      0x110 HAL_Driver/Src/stm32f0xx_hal_gpio.o
 .debug_frame   0x0000086c       0x80 HAL_Driver/Src/stm32f0xx_hal_msp_template.o
 .debug_frame   0x000008ec      0x194 HAL_Driver/Src/stm32f0xx_hal_rcc.o
 .debug_frame   0x00000a80      0x710 HAL_Driver/Src/stm32f0xx_hal_uart.o
 .debug_frame   0x00001190      0x1ec Utilities/STM32F0xx_Nucleo_32/stm32f0xx_nucleo_32.o
 .debug_frame   0x0000137c      0x110 src/CanRxMsgQueue.o
 .debug_frame   0x0000148c      0x100 src/main.o
 .debug_frame   0x0000158c       0x30 src/protocol.o
 .debug_frame   0x000015bc       0x90 src/stm32f0xx_hal_msp.o
 .debug_frame   0x0000164c       0xb8 src/stm32f0xx_it.o
 .debug_frame   0x00001704      0x264 src/syscalls.o
 .debug_frame   0x00001968       0x4c src/system_stm32f0xx.o
 .debug_frame   0x000019b4       0x20 c:/ac6/systemworkbench/plugins/fr.ac6.mcu.externaltools.arm-none.win32_1.13.2.201705091103/tools/compiler/bin/../lib/gcc/arm-none-eabi/5.4.1/armv6-m\libgcc.a(_udivsi3.o)
 .debug_frame   0x000019d4       0x20 c:/ac6/systemworkbench/plugins/fr.ac6.mcu.externaltools.arm-none.win32_1.13.2.201705091103/tools/compiler/bin/../lib/gcc/arm-none-eabi/5.4.1/../../../../arm-none-eabi/lib/armv6-m\libc.a(lib_a-errno.o)
 .debug_frame   0x000019f4       0x2c c:/ac6/systemworkbench/plugins/fr.ac6.mcu.externaltools.arm-none.win32_1.13.2.201705091103/tools/compiler/bin/../lib/gcc/arm-none-eabi/5.4.1/../../../../arm-none-eabi/lib/armv6-m\libc.a(lib_a-init.o)
 .debug_frame   0x00001a20       0x40 c:/ac6/systemworkbench/plugins/fr.ac6.mcu.externaltools.arm-none.win32_1.13.2.201705091103/tools/compiler/bin/../lib/gcc/arm-none-eabi/5.4.1/../../../../arm-none-eabi/lib/armv6-m\libc.a(lib_a-malloc.o)
 .debug_frame   0x00001a60       0x3c c:/ac6/systemworkbench/plugins/fr.ac6.mcu.externaltools.arm-none.win32_1.13.2.201705091103/tools/compiler/bin/../lib/gcc/arm-none-eabi/5.4.1/../../../../arm-none-eabi/lib/armv6-m\libc.a(lib_a-mallocr.o)
 .debug_frame   0x00001a9c       0x2c c:/ac6/systemworkbench/plugins/fr.ac6.mcu.externaltools.arm-none.win32_1.13.2.201705091103/tools/compiler/bin/../lib/gcc/arm-none-eabi/5.4.1/../../../../arm-none-eabi/lib/armv6-m\libc.a(lib_a-memcpy-stub.o)
 .debug_frame   0x00001ac8       0x30 c:/ac6/systemworkbench/plugins/fr.ac6.mcu.externaltools.arm-none.win32_1.13.2.201705091103/tools/compiler/bin/../lib/gcc/arm-none-eabi/5.4.1/../../../../arm-none-eabi/lib/armv6-m\libc.a(lib_a-mlock.o)
 .debug_frame   0x00001af8       0x2c c:/ac6/systemworkbench/plugins/fr.ac6.mcu.externaltools.arm-none.win32_1.13.2.201705091103/tools/compiler/bin/../lib/gcc/arm-none-eabi/5.4.1/../../../../arm-none-eabi/lib/armv6-m\libc.a(lib_a-sbrkr.o)
 .debug_frame   0x00001b24       0x28 c:/ac6/systemworkbench/plugins/fr.ac6.mcu.externaltools.arm-none.win32_1.13.2.201705091103/tools/compiler/bin/../lib/gcc/arm-none-eabi/5.4.1/../../../../arm-none-eabi/lib/armv6-m\libc.a(lib_a-strlen-stub.o)
 .debug_frame   0x00001b4c       0x54 c:/ac6/systemworkbench/plugins/fr.ac6.mcu.externaltools.arm-none.win32_1.13.2.201705091103/tools/compiler/bin/../lib/gcc/arm-none-eabi/5.4.1/../../../../arm-none-eabi/lib/armv6-m\libc.a(lib_a-__call_atexit.o)
 .debug_frame   0x00001ba0       0x28 c:/ac6/systemworkbench/plugins/fr.ac6.mcu.externaltools.arm-none.win32_1.13.2.201705091103/tools/compiler/bin/../lib/gcc/arm-none-eabi/5.4.1/../../../../arm-none-eabi/lib/armv6-m\libc.a(lib_a-atexit.o)
 .debug_frame   0x00001bc8       0x2c c:/ac6/systemworkbench/plugins/fr.ac6.mcu.externaltools.arm-none.win32_1.13.2.201705091103/tools/compiler/bin/../lib/gcc/arm-none-eabi/5.4.1/../../../../arm-none-eabi/lib/armv6-m\libc.a(lib_a-fini.o)
 .debug_frame   0x00001bf4       0x54 c:/ac6/systemworkbench/plugins/fr.ac6.mcu.externaltools.arm-none.win32_1.13.2.201705091103/tools/compiler/bin/../lib/gcc/arm-none-eabi/5.4.1/../../../../arm-none-eabi/lib/armv6-m\libc.a(lib_a-freer.o)
 .debug_frame   0x00001c48       0x48 c:/ac6/systemworkbench/plugins/fr.ac6.mcu.externaltools.arm-none.win32_1.13.2.201705091103/tools/compiler/bin/../lib/gcc/arm-none-eabi/5.4.1/../../../../arm-none-eabi/lib/armv6-m\libc.a(lib_a-reent.o)
 .debug_frame   0x00001c90       0x3c c:/ac6/systemworkbench/plugins/fr.ac6.mcu.externaltools.arm-none.win32_1.13.2.201705091103/tools/compiler/bin/../lib/gcc/arm-none-eabi/5.4.1/../../../../arm-none-eabi/lib/armv6-m\libc.a(lib_a-__atexit.o)
