Archive member included to satisfy reference by file (symbol)

c:/ac6/systemworkbench/plugins/fr.ac6.mcu.externaltools.arm-none.win32_1.13.2.201705091103/tools/compiler/bin/../lib/gcc/arm-none-eabi/5.4.1/armv6-m\libgcc.a(_udivsi3.o)
                              HAL_Driver/Src/stm32f0xx_hal.o (__aeabi_uidiv)
c:/ac6/systemworkbench/plugins/fr.ac6.mcu.externaltools.arm-none.win32_1.13.2.201705091103/tools/compiler/bin/../lib/gcc/arm-none-eabi/5.4.1/armv6-m\libgcc.a(_dvmd_tls.o)
                              c:/ac6/systemworkbench/plugins/fr.ac6.mcu.externaltools.arm-none.win32_1.13.2.201705091103/tools/compiler/bin/../lib/gcc/arm-none-eabi/5.4.1/armv6-m\libgcc.a(_udivsi3.o) (__aeabi_idiv0)
c:/ac6/systemworkbench/plugins/fr.ac6.mcu.externaltools.arm-none.win32_1.13.2.201705091103/tools/compiler/bin/../lib/gcc/arm-none-eabi/5.4.1/../../../../arm-none-eabi/lib/armv6-m\libc.a(lib_a-errno.o)
                              src/syscalls.o (__errno)
c:/ac6/systemworkbench/plugins/fr.ac6.mcu.externaltools.arm-none.win32_1.13.2.201705091103/tools/compiler/bin/../lib/gcc/arm-none-eabi/5.4.1/../../../../arm-none-eabi/lib/armv6-m\libc.a(lib_a-exit.o)
                              c:/ac6/systemworkbench/plugins/fr.ac6.mcu.externaltools.arm-none.win32_1.13.2.201705091103/tools/compiler/bin/../lib/gcc/arm-none-eabi/5.4.1/../../../../arm-none-eabi/lib/armv6-m/crt0.o (exit)
c:/ac6/systemworkbench/plugins/fr.ac6.mcu.externaltools.arm-none.win32_1.13.2.201705091103/tools/compiler/bin/../lib/gcc/arm-none-eabi/5.4.1/../../../../arm-none-eabi/lib/armv6-m\libc.a(lib_a-impure.o)
                              c:/ac6/systemworkbench/plugins/fr.ac6.mcu.externaltools.arm-none.win32_1.13.2.201705091103/tools/compiler/bin/../lib/gcc/arm-none-eabi/5.4.1/../../../../arm-none-eabi/lib/armv6-m\libc.a(lib_a-exit.o) (_global_impure_ptr)
c:/ac6/systemworkbench/plugins/fr.ac6.mcu.externaltools.arm-none.win32_1.13.2.201705091103/tools/compiler/bin/../lib/gcc/arm-none-eabi/5.4.1/../../../../arm-none-eabi/lib/armv6-m\libc.a(lib_a-init.o)
                              c:/ac6/systemworkbench/plugins/fr.ac6.mcu.externaltools.arm-none.win32_1.13.2.201705091103/tools/compiler/bin/../lib/gcc/arm-none-eabi/5.4.1/../../../../arm-none-eabi/lib/armv6-m/crt0.o (__libc_init_array)
c:/ac6/systemworkbench/plugins/fr.ac6.mcu.externaltools.arm-none.win32_1.13.2.201705091103/tools/compiler/bin/../lib/gcc/arm-none-eabi/5.4.1/../../../../arm-none-eabi/lib/armv6-m\libc.a(lib_a-memcpy-stub.o)
                              HAL_Driver/Src/stm32f0xx_hal_rcc.o (memcpy)
c:/ac6/systemworkbench/plugins/fr.ac6.mcu.externaltools.arm-none.win32_1.13.2.201705091103/tools/compiler/bin/../lib/gcc/arm-none-eabi/5.4.1/../../../../arm-none-eabi/lib/armv6-m\libc.a(lib_a-memset.o)
                              c:/ac6/systemworkbench/plugins/fr.ac6.mcu.externaltools.arm-none.win32_1.13.2.201705091103/tools/compiler/bin/../lib/gcc/arm-none-eabi/5.4.1/../../../../arm-none-eabi/lib/armv6-m/crt0.o (memset)
c:/ac6/systemworkbench/plugins/fr.ac6.mcu.externaltools.arm-none.win32_1.13.2.201705091103/tools/compiler/bin/../lib/gcc/arm-none-eabi/5.4.1/../../../../arm-none-eabi/lib/armv6-m\libc.a(lib_a-strlen-stub.o)
                              src/main.o (strlen)
c:/ac6/systemworkbench/plugins/fr.ac6.mcu.externaltools.arm-none.win32_1.13.2.201705091103/tools/compiler/bin/../lib/gcc/arm-none-eabi/5.4.1/../../../../arm-none-eabi/lib/armv6-m\libc.a(lib_a-__call_atexit.o)
                              c:/ac6/systemworkbench/plugins/fr.ac6.mcu.externaltools.arm-none.win32_1.13.2.201705091103/tools/compiler/bin/../lib/gcc/arm-none-eabi/5.4.1/../../../../arm-none-eabi/lib/armv6-m\libc.a(lib_a-exit.o) (__call_exitprocs)
c:/ac6/systemworkbench/plugins/fr.ac6.mcu.externaltools.arm-none.win32_1.13.2.201705091103/tools/compiler/bin/../lib/gcc/arm-none-eabi/5.4.1/../../../../arm-none-eabi/lib/armv6-m\libc.a(lib_a-atexit.o)
                              c:/ac6/systemworkbench/plugins/fr.ac6.mcu.externaltools.arm-none.win32_1.13.2.201705091103/tools/compiler/bin/../lib/gcc/arm-none-eabi/5.4.1/../../../../arm-none-eabi/lib/armv6-m\libc.a(lib_a-__call_atexit.o) (atexit)
c:/ac6/systemworkbench/plugins/fr.ac6.mcu.externaltools.arm-none.win32_1.13.2.201705091103/tools/compiler/bin/../lib/gcc/arm-none-eabi/5.4.1/../../../../arm-none-eabi/lib/armv6-m\libc.a(lib_a-fini.o)
                              c:/ac6/systemworkbench/plugins/fr.ac6.mcu.externaltools.arm-none.win32_1.13.2.201705091103/tools/compiler/bin/../lib/gcc/arm-none-eabi/5.4.1/../../../../arm-none-eabi/lib/armv6-m\libc.a(lib_a-__call_atexit.o) (__libc_fini_array)
c:/ac6/systemworkbench/plugins/fr.ac6.mcu.externaltools.arm-none.win32_1.13.2.201705091103/tools/compiler/bin/../lib/gcc/arm-none-eabi/5.4.1/../../../../arm-none-eabi/lib/armv6-m\libc.a(lib_a-__atexit.o)
[...]
Memory Configuration

Name             Origin             Length             Attributes
RAM              0x20000000         0x00001800         xrw
ROM              0x08000000         0x00008000         xr
*default*        0x00000000         0xffffffff

Linker script and memory map

LOAD c:/ac6/systemworkbench/plugins/fr.ac6.mcu.externaltools.arm-none.win32_1.13.2.201705091103/tools/compiler/bin/../lib/gcc/arm-none-eabi/5.4.1/armv6-m/crti.o
LOAD c:/ac6/systemworkbench/plugins/fr.ac6.mcu.externaltools.arm-none.win32_1.13.2.201705091103/tools/compiler/bin/../lib/gcc/arm-none-eabi/5.4.1/armv6-m/crtbegin.o
LOAD c:/ac6/systemworkbench/plugins/fr.ac6.mcu.externaltools.arm-none.win32_1.13.2.201705091103/tools/compiler/bin/../lib/gcc/arm-none-eabi/5.4.1/../../../../arm-none-eabi/lib/armv6-m/crt0.o
LOAD HAL_Driver/Src/stm32f0xx_hal.o
LOAD HAL_Driver/Src/stm32f0xx_hal_adc.o
LOAD HAL_Driver/Src/stm32f0xx_hal_adc_ex.o
LOAD HAL_Driver/Src/stm32f0xx_hal_can.o
LOAD HAL_Driver/Src/stm32f0xx_hal_cec.o
LOAD HAL_Driver/Src/stm32f0xx_hal_comp.o
LOAD HAL_Driver/Src/stm32f0xx_hal_cortex.o
LOAD HAL_Driver/Src/stm32f0xx_hal_crc.o
LOAD HAL_Driver/Src/stm32f0xx_hal_crc_ex.o
LOAD HAL_Driver/Src/stm32f0xx_hal_dac.o
LOAD HAL_Driver/Src/stm32f0xx_hal_dac_ex.o
LOAD HAL_Driver/Src/stm32f0xx_hal_dma.o
LOAD HAL_Driver/Src/stm32f0xx_hal_flash.o
LOAD HAL_Driver/Src/stm32f0xx_hal_flash_ex.o
LOAD HAL_Driver/Src/stm32f0xx_hal_gpio.o
LOAD HAL_Driver/Src/stm32f0xx_hal_i2c.o
LOAD HAL_Driver/Src/stm32f0xx_hal_i2c_ex.o
LOAD HAL_Driver/Src/stm32f0xx_hal_i2s.o
LOAD HAL_Driver/Src/stm32f0xx_hal_irda.o
LOAD HAL_Driver/Src/stm32f0xx_hal_iwdg.o
LOAD HAL_Driver/Src/stm32f0xx_hal_msp_template.o
LOAD HAL_Driver/Src/stm32f0xx_hal_pcd.o
LOAD HAL_Driver/Src/stm32f0xx_hal_pcd_ex.o
LOAD HAL_Driver/Src/stm32f0xx_hal_pwr.o
LOAD HAL_Driver/Src/stm32f0xx_hal_pwr_ex.o
LOAD HAL_Driver/Src/stm32f0xx_hal_rcc.o
LOAD HAL_Driver/Src/stm32f0xx_hal_rcc_ex.o
LOAD HAL_Driver/Src/stm32f0xx_hal_rtc.o
LOAD HAL_Driver/Src/stm32f0xx_hal_rtc_ex.o
LOAD HAL_Driver/Src/stm32f0xx_hal_smartcard.o
LOAD HAL_Driver/Src/stm32f0xx_hal_smartcard_ex.o
LOAD HAL_Driver/Src/stm32f0xx_hal_smbus.o
LOAD HAL_Driver/Src/stm32f0xx_hal_spi.o
LOAD HAL_Driver/Src/stm32f0xx_hal_spi_ex.o
LOAD HAL_Driver/Src/stm32f0xx_hal_tim.o
LOAD HAL_Driver/Src/stm32f0xx_hal_tim_ex.o
LOAD HAL_Driver/Src/stm32f0xx_hal_tsc.o
LOAD HAL_Driver/Src/stm32f0xx_hal_uart.o
LOAD HAL_Driver/Src/stm32f0xx_hal_uart_ex.o
LOAD HAL_Driver/Src/stm32f0xx_hal_usart.o
LOAD HAL_Driver/Src/stm32f0xx_hal_wwdg.o
LOAD HAL_Driver/Src/stm32f0xx_ll_adc.o
LOAD HAL_Driver/Src/stm32f0xx_ll_comp.o
LOAD HAL_Driver/Src/stm32f0xx_ll_crc.o
LOAD HAL_Driver/Src/stm32f0xx_ll_crs.o
LOAD HAL_Driver/Src/stm32f0xx_ll_dac.o
LOAD HAL_Driver/Src/stm32f0xx_ll_dma.o
LOAD HAL_Driver/Src/stm32f0xx_ll_exti.o
LOAD HAL_Driver/Src/stm32f0xx_ll_gpio.o
LOAD HAL_Driver/Src/stm32f0xx_ll_i2c.o
LOAD HAL_Driver/Src/stm32f0xx_ll_pwr.o
LOAD HAL_Driver/Src/stm32f0xx_ll_rcc.o
LOAD HAL_Driver/Src/stm32f0xx_ll_rtc.o
LOAD HAL_Driver/Src/stm32f0xx_ll_spi.o
LOAD HAL_Driver/Src/stm32f0xx_ll_tim.o
LOAD HAL_Driver/Src/stm32f0xx_ll_usart.o
LOAD HAL_Driver/Src/stm32f0xx_ll_utils.o
LOAD Utilities/STM32F0xx_Nucleo_32/stm32f0xx_nucleo_32.o
LOAD src/main.o
LOAD src/stm32f0xx_hal_msp.o
LOAD src/stm32f0xx_it.o
LOAD src/syscalls.o
LOAD src/system_stm32f0xx.o
LOAD startup/startup_stm32f042x6.o
LOAD c:/ac6/systemworkbench/plugins/fr.ac6.mcu.externaltools.arm-none.win32_1.13.2.201705091103/tools/compiler/bin/../lib/gcc/arm-none-eabi/5.4.1/../../../../arm-none-eabi/lib/armv6-m\libm.a
START GROUP
LOAD c:/ac6/systemworkbench/plugins/fr.ac6.mcu.externaltools.arm-none.win32_1.13.2.201705091103/tools/compiler/bin/../lib/gcc/arm-none-eabi/5.4.1/armv6-m\libgcc.a
LOAD c:/ac6/systemworkbench/plugins/fr.ac6.mcu.externaltools.arm-none.win32_1.13.2.201705091103/tools/compiler/bin/../lib/gcc/arm-none-eabi/5.4.1/../../../../arm-none-eabi/lib/armv6-m\libc.a
END GROUP
LOAD c:/ac6/systemworkbench/plugins/fr.ac6.mcu.externaltools.arm-none.win32_1.13.2.201705091103/tools/compiler/bin/../lib/gcc/arm-none-eabi/5.4.1/armv6-m/crtend.o
LOAD c:/ac6/systemworkbench/plugins/fr.ac6.mcu.externaltools.arm-none.win32_1.13.2.201705091103/tools/compiler/bin/../lib/gcc/arm-none-eabi/5.4.1/armv6-m/crtn.o
                0x20001800                _estack = 0x20001800
                0x00000000                _Min_Heap_Size = 0x0
                0x00000400                _Min_Stack_Size = 0x400

.isr_vector     0x08000000       0xc0
                0x08000000                . = ALIGN (0x4)
 *(.isr_vector)
 .isr_vector    0x08000000       0xc0 startup/startup_stm32f042x6.o
                0x08000000                g_pfnVectors
                0x080000c0                . = ALIGN (0x4)

.text           0x080000c0     0x24fc
                0x080000c0                . = ALIGN (0x4)
 *(.text)
 .text          0x080000c0       0x60 c:/ac6/systemworkbench/plugins/fr.ac6.mcu.externaltools.arm-none.win32_1.13.2.201705091103/tools/compiler/bin/../lib/gcc/arm-none-eabi/5.4.1/armv6-m/crtbegin.o
 .text          0x08000120      0x114 c:/ac6/systemworkbench/plugins/fr.ac6.mcu.externaltools.arm-none.win32_1.13.2.201705091103/tools/compiler/bin/../lib/gcc/arm-none-eabi/5.4.1/armv6-m\libgcc.a(_udivsi3.o)
                0x08000120                __aeabi_uidiv
                0x08000120                __udivsi3
                0x0800022c                __aeabi_uidivmod
 .text          0x08000234        0x4 c:/ac6/systemworkbench/plugins/fr.ac6.mcu.externaltools.arm-none.win32_1.13.2.201705091103/tools/compiler/bin/../lib/gcc/arm-none-eabi/5.4.1/armv6-m\libgcc.a(_dvmd_tls.o)
                0x08000234                __aeabi_idiv0
                0x08000234                __aeabi_ldiv0
 *(.text*)
 .text.HAL_Init
                0x08000238       0x28 HAL_Driver/Src/stm32f0xx_hal.o
                0x08000238                HAL_Init
 .text.HAL_InitTick
                0x08000260       0x38 HAL_Driver/Src/stm32f0xx_hal.o
                0x08000260                HAL_InitTick
 .text.HAL_IncTick
                0x08000298       0x18 HAL_Driver/Src/stm32f0xx_hal.o
                0x08000298                HAL_IncTick
 .text.HAL_GetTick
                0x080002b0       0x14 HAL_Driver/Src/stm32f0xx_hal.o
                0x080002b0                HAL_GetTick
 .text.HAL_Delay
                0x080002c4       0x3c HAL_Driver/Src/stm32f0xx_hal.o
                0x080002c4                HAL_Delay
 .text.HAL_CAN_Init
                0x08000300      0x248 HAL_Driver/Src/stm32f0xx_hal_can.o
                0x08000300                HAL_CAN_Init
 .text.HAL_CAN_ConfigFilter
                0x08000548      0x1e4 HAL_Driver/Src/stm32f0xx_hal_can.o
                0x08000548                HAL_CAN_ConfigFilter
 .text.NVIC_EnableIRQ
                0x0800072c       0x2c HAL_Driver/Src/stm32f0xx_hal_cortex.o
 .text.NVIC_SetPriority
                0x08000758       0xdc HAL_Driver/Src/stm32f0xx_hal_cortex.o
 .text.SysTick_Config
                0x08000834       0x48 HAL_Driver/Src/stm32f0xx_hal_cortex.o
 .text.HAL_NVIC_SetPriority
                0x0800087c       0x2c HAL_Driver/Src/stm32f0xx_hal_cortex.o
                0x0800087c                HAL_NVIC_SetPriority
 .text.HAL_NVIC_EnableIRQ
                0x080008a8       0x20 HAL_Driver/Src/stm32f0xx_hal_cortex.o
                0x080008a8                HAL_NVIC_EnableIRQ
 .text.HAL_SYSTICK_Config
                0x080008c8       0x1c HAL_Driver/Src/stm32f0xx_hal_cortex.o
                0x080008c8                HAL_SYSTICK_Config
 .text.HAL_SYSTICK_IRQHandler
                0x080008e4       0x10 HAL_Driver/Src/stm32f0xx_hal_cortex.o
                0x080008e4                HAL_SYSTICK_IRQHandler
 .text.HAL_SYSTICK_Callback
                0x080008f4        0xc HAL_Driver/Src/stm32f0xx_hal_cortex.o
                0x080008f4                HAL_SYSTICK_Callback
 .text.HAL_GPIO_Init
                0x08000900      0x2d8 HAL_Driver/Src/stm32f0xx_hal_gpio.o
                0x08000900                HAL_GPIO_Init
 .text.HAL_GPIO_WritePin
                0x08000bd8       0x3c HAL_Driver/Src/stm32f0xx_hal_gpio.o
                0x08000bd8                HAL_GPIO_WritePin
 .text.HAL_MspInit
                0x08000c14        0xc HAL_Driver/Src/stm32f0xx_hal_msp_template.o
                0x08000c14                HAL_MspInit
 .text.HAL_RCC_OscConfig
                0x08000c20      0x6bc HAL_Driver/Src/stm32f0xx_hal_rcc.o
                0x08000c20                HAL_RCC_OscConfig
 .text.HAL_RCC_ClockConfig
                0x080012dc      0x210 HAL_Driver/Src/stm32f0xx_hal_rcc.o
                0x080012dc                HAL_RCC_ClockConfig
 .text.HAL_RCC_GetSysClockFreq
                0x080014ec      0x104 HAL_Driver/Src/stm32f0xx_hal_rcc.o
                0x080014ec                HAL_RCC_GetSysClockFreq
 .text.HAL_RCC_GetHCLKFreq
                0x080015f0       0x14 HAL_Driver/Src/stm32f0xx_hal_rcc.o
                0x080015f0                HAL_RCC_GetHCLKFreq
 .text.HAL_RCC_GetPCLK1Freq
                0x08001604       0x2c HAL_Driver/Src/stm32f0xx_hal_rcc.o
                0x08001604                HAL_RCC_GetPCLK1Freq
 .text.HAL_UART_Init
                0x08001630       0xb0 HAL_Driver/Src/stm32f0xx_hal_uart.o
                0x08001630                HAL_UART_Init
 .text.HAL_UART_Transmit
                0x080016e0      0x148 HAL_Driver/Src/stm32f0xx_hal_uart.o
                0x080016e0                HAL_UART_Transmit
 .text.UART_SetConfig
                0x08001828      0x2ec HAL_Driver/Src/stm32f0xx_hal_uart.o
                0x08001828                UART_SetConfig
 .text.UART_AdvFeatureConfig
                0x08001b14      0x158 HAL_Driver/Src/stm32f0xx_hal_uart.o
                0x08001b14                UART_AdvFeatureConfig
 .text.UART_CheckIdleState
                0x08001c6c       0xa0 HAL_Driver/Src/stm32f0xx_hal_uart.o
                0x08001c6c                UART_CheckIdleState
 .text.UART_WaitOnFlagUntilTimeout
                0x08001d0c       0x98 HAL_Driver/Src/stm32f0xx_hal_uart.o
                0x08001d0c                UART_WaitOnFlagUntilTimeout
 .text.BSP_LED_Init
                0x08001da4       0x84 Utilities/STM32F0xx_Nucleo_32/stm32f0xx_nucleo_32.o
                0x08001da4                BSP_LED_Init
 .text.BSP_LED_On
                0x08001e28       0x2c Utilities/STM32F0xx_Nucleo_32/stm32f0xx_nucleo_32.o
                0x08001e28                BSP_LED_On
 .text.BSP_LED_Off
                0x08001e54       0x2c Utilities/STM32F0xx_Nucleo_32/stm32f0xx_nucleo_32.o
                0x08001e54                BSP_LED_Off
 .text.Error_Handler
                0x08001e80        0x8 src/main.o
 .text.SystemClock_Config
                0x08001e88       0x70 src/main.o
                0x08001e88                SystemClock_Config
 .text.UART_Config
                0x08001ef8       0x48 src/main.o
                0x08001ef8                UART_Config
 .text.CAN_Config
                0x08001f40      0x104 src/main.o
 .text.main     0x08002044       0x60 src/main.o
                0x08002044                main
 .text.HAL_UART_MspInit
                0x080020a4       0xc4 src/stm32f0xx_hal_msp.o
                0x080020a4                HAL_UART_MspInit
 .text.HAL_CAN_MspInit
                0x08002168       0xd0 src/stm32f0xx_hal_msp.o
                0x08002168                HAL_CAN_MspInit
 .text.SysTick_Handler
                0x08002238       0x14 src/stm32f0xx_it.o
                0x08002238                SysTick_Handler
 .text.SystemInit
                0x0800224c       0x88 src/system_stm32f0xx.o
                0x0800224c                SystemInit
 .text.Reset_Handler
                0x080022d4       0x70 startup/startup_stm32f042x6.o
                0x080022d4                Reset_Handler
 .text.Default_Handler
                0x08002344        0x2 startup/startup_stm32f042x6.o
                0x08002344                TIM1_CC_IRQHandler
                0x08002344                TSC_IRQHandler
                0x08002344                HardFault_Handler
                0x08002344                PendSV_Handler
                0x08002344                NMI_Handler
                0x08002344                I2C1_IRQHandler
                0x08002344                RCC_CRS_IRQHandler
                0x08002344                SPI1_IRQHandler
                0x08002344                EXTI2_3_IRQHandler
                0x08002344                ADC1_IRQHandler
                0x08002344                TIM17_IRQHandler
                0x08002344                CEC_CAN_IRQHandler
                0x08002344                RTC_IRQHandler
                0x08002344                PVD_VDDIO2_IRQHandler
                0x08002344                TIM16_IRQHandler
                0x08002344                TIM3_IRQHandler
                0x08002344                EXTI4_15_IRQHandler
                0x08002344                DMA1_Channel1_IRQHandler
                0x08002344                Default_Handler
                0x08002344                TIM14_IRQHandler
                0x08002344                DMA1_Channel4_5_IRQHandler
                0x08002344                EXTI0_1_IRQHandler
                0x08002344                USB_IRQHandler
                0x08002344                SPI2_IRQHandler
                0x08002344                SVC_Handler
                0x08002344                WWDG_IRQHandler
                0x08002344                TIM2_IRQHandler
                0x08002344                DMA1_Channel2_3_IRQHandler
                0x08002344                USART2_IRQHandler
                0x08002344                FLASH_IRQHandler
                0x08002344                USART1_IRQHandler
                0x08002344                TIM1_BRK_UP_TRG_COM_IRQHandler
 *fill*         0x08002346        0x2 
 .text.__libc_init_array
                0x08002348       0x48 c:/ac6/systemworkbench/plugins/fr.ac6.mcu.externaltools.arm-none.win32_1.13.2.201705091103/tools/compiler/bin/../lib/gcc/arm-none-eabi/5.4.1/../../../../arm-none-eabi/lib/armv6-m\libc.a(lib_a-init.o)
                0x08002348                __libc_init_array
 .text.memcpy   0x08002390       0x7c c:/ac6/systemworkbench/plugins/fr.ac6.mcu.externaltools.arm-none.win32_1.13.2.201705091103/tools/compiler/bin/../lib/gcc/arm-none-eabi/5.4.1/../../../../arm-none-eabi/lib/armv6-m\libc.a(lib_a-memcpy-stub.o)
                0x08002390                memcpy
 .text.strlen   0x0800240c       0x68 c:/ac6/systemworkbench/plugins/fr.ac6.mcu.externaltools.arm-none.win32_1.13.2.201705091103/tools/compiler/bin/../lib/gcc/arm-none-eabi/5.4.1/../../../../arm-none-eabi/lib/armv6-m\libc.a(lib_a-strlen-stub.o)
                0x0800240c                strlen
 .text.startup.register_fini
                0x08002474       0x18 c:/ac6/systemworkbench/plugins/fr.ac6.mcu.externaltools.arm-none.win32_1.13.2.201705091103/tools/compiler/bin/../lib/gcc/arm-none-eabi/5.4.1/../../../../arm-none-eabi/lib/armv6-m\libc.a(lib_a-__call_atexit.o)
 .text.atexit   0x0800248c       0x10 c:/ac6/systemworkbench/plugins/fr.ac6.mcu.externaltools.arm-none.win32_1.13.2.201705091103/tools/compiler/bin/../lib/gcc/arm-none-eabi/5.4.1/../../../../arm-none-eabi/lib/armv6-m\libc.a(lib_a-atexit.o)
                0x0800248c                atexit
 .text.__libc_fini_array
                0x0800249c       0x34 c:/ac6/systemworkbench/plugins/fr.ac6.mcu.externaltools.arm-none.win32_1.13.2.201705091103/tools/compiler/bin/../lib/gcc/arm-none-eabi/5.4.1/../../../../arm-none-eabi/lib/armv6-m\libc.a(lib_a-fini.o)
                0x0800249c                __libc_fini_array
 .text.__register_exitproc
                0x080024d0       0xd4 c:/ac6/systemworkbench/plugins/fr.ac6.mcu.externaltools.arm-none.win32_1.13.2.201705091103/tools/compiler/bin/../lib/gcc/arm-none-eabi/5.4.1/../../../../arm-none-eabi/lib/armv6-m\libc.a(lib_a-__atexit.o)
                0x080024d0                __register_exitproc
 *(.glue_7)
 .glue_7        0x080025a4        0x0 linker stubs
 *(.glue_7t)
 .glue_7t       0x080025a4        0x0 linker stubs
 *(.eh_frame)
 .eh_frame      0x080025a4        0x0 c:/ac6/systemworkbench/plugins/fr.ac6.mcu.externaltools.arm-none.win32_1.13.2.201705091103/tools/compiler/bin/../lib/gcc/arm-none-eabi/5.4.1/armv6-m/crtbegin.o
 *(.init)
 .init          0x080025a4        0x4 c:/ac6/systemworkbench/plugins/fr.ac6.mcu.externaltools.arm-none.win32_1.13.2.201705091103/tools/compiler/bin/../lib/gcc/arm-none-eabi/5.4.1/armv6-m/crti.o
                0x080025a4                _init
 .init          0x080025a8        0x8 c:/ac6/systemworkbench/plugins/fr.ac6.mcu.externaltools.arm-none.win32_1.13.2.201705091103/tools/compiler/bin/../lib/gcc/arm-none-eabi/5.4.1/armv6-m/crtn.o
 *(.fini)
 .fini          0x080025b0        0x4 c:/ac6/systemworkbench/plugins/fr.ac6.mcu.externaltools.arm-none.win32_1.13.2.201705091103/tools/compiler/bin/../lib/gcc/arm-none-eabi/5.4.1/armv6-m/crti.o
                0x080025b0                _fini
 .fini          0x080025b4        0x8 c:/ac6/systemworkbench/plugins/fr.ac6.mcu.externaltools.arm-none.win32_1.13.2.201705091103/tools/compiler/bin/../lib/gcc/arm-none-eabi/5.4.1/armv6-m/crtn.o
                0x080025bc                . = ALIGN (0x4)
                0x080025bc                _etext = .

.vfp11_veneer   0x080025bc        0x0
 .vfp11_veneer  0x080025bc        0x0 linker stubs

.v4_bx          0x080025bc        0x0
 .v4_bx         0x080025bc        0x0 linker stubs

.iplt           0x080025bc        0x0
 .iplt          0x080025bc        0x0 c:/ac6/systemworkbench/plugins/fr.ac6.mcu.externaltools.arm-none.win32_1.13.2.201705091103/tools/compiler/bin/../lib/gcc/arm-none-eabi/5.4.1/armv6-m/crtbegin.o

.rodata         0x080025bc       0x3c
                0x080025bc                . = ALIGN (0x4)
 *(.rodata)
 .rodata        0x080025bc       0x20 HAL_Driver/Src/stm32f0xx_hal_rcc.o
 .rodata        0x080025dc       0x18 src/system_stm32f0xx.o
                0x080025dc                AHBPrescTable
                0x080025ec                APBPrescTable
 *(.rodata*)
 .rodata._global_impure_ptr
                0x080025f4        0x4 c:/ac6/systemworkbench/plugins/fr.ac6.mcu.externaltools.arm-none.win32_1.13.2.201705091103/tools/compiler/bin/../lib/gcc/arm-none-eabi/5.4.1/../../../../arm-none-eabi/lib/armv6-m\libc.a(lib_a-impure.o)
                0x080025f4                _global_impure_ptr
                0x080025f8                . = ALIGN (0x4)

.rel.dyn        0x080025f8        0x0
 .rel.iplt      0x080025f8        0x0 c:/ac6/systemworkbench/plugins/fr.ac6.mcu.externaltools.arm-none.win32_1.13.2.201705091103/tools/compiler/bin/../lib/gcc/arm-none-eabi/5.4.1/armv6-m/crtbegin.o

.ARM.extab      0x080025f8        0x0
                0x080025f8                . = ALIGN (0x4)
 *(.ARM.extab* .gnu.linkonce.armextab.*)
                0x080025f8                . = ALIGN (0x4)

.ARM            0x080025f8        0x0
                0x080025f8                . = ALIGN (0x4)
                0x080025f8                __exidx_start = .
 *(.ARM.exidx*)
                0x080025f8                __exidx_end = .
                0x080025f8                . = ALIGN (0x4)

.preinit_array  0x080025f8        0x0
                0x080025f8                . = ALIGN (0x4)
                0x080025f8                PROVIDE (__preinit_array_start, .)
 *(.preinit_array*)
                0x080025f8                PROVIDE (__preinit_array_end, .)
                0x080025f8                . = ALIGN (0x4)

.init_array     0x080025f8        0x8
                0x080025f8                . = ALIGN (0x4)
                0x080025f8                PROVIDE (__init_array_start, .)
 *(SORT(.init_array.*))
 .init_array.00000
                0x080025f8        0x4 c:/ac6/systemworkbench/plugins/fr.ac6.mcu.externaltools.arm-none.win32_1.13.2.201705091103/tools/compiler/bin/../lib/gcc/arm-none-eabi/5.4.1/../../../../arm-none-eabi/lib/armv6-m\libc.a(lib_a-__call_atexit.o)
 *(.init_array*)
 .init_array    0x080025fc        0x4 c:/ac6/systemworkbench/plugins/fr.ac6.mcu.externaltools.arm-none.win32_1.13.2.201705091103/tools/compiler/bin/../lib/gcc/arm-none-eabi/5.4.1/armv6-m/crtbegin.o
                0x08002600                PROVIDE (__init_array_end, .)
                0x08002600                . = ALIGN (0x4)

.fini_array     0x08002600        0x4
                0x08002600                . = ALIGN (0x4)
                0x08002600                PROVIDE (__fini_array_start, .)
 *(SORT(.fini_array.*))
 *(.fini_array*)
 .fini_array    0x08002600        0x4 c:/ac6/systemworkbench/plugins/fr.ac6.mcu.externaltools.arm-none.win32_1.13.2.201705091103/tools/compiler/bin/../lib/gcc/arm-none-eabi/5.4.1/armv6-m/crtbegin.o
                0x08002604                PROVIDE (__fini_array_end, .)
                0x08002604                . = ALIGN (0x4)
                0x08002604                _sidata = LOADADDR (.data)

.data           0x20000000      0x458 load address 0x08002604
                0x20000000                . = ALIGN (0x4)
                0x20000000                _sdata = .
 *(.data)
 .data          0x20000000        0x8 Utilities/STM32F0xx_Nucleo_32/stm32f0xx_nucleo_32.o
                0x20000000                LED_PORT
                0x20000004                I2c1Timeout
 .data          0x20000008       0x1f src/main.o
                0x20000008                WelcomeMessage
 *fill*         0x20000027        0x1 
 .data          0x20000028        0x4 src/system_stm32f0xx.o
                0x20000028                SystemCoreClock
 *(.data*)
 *fill*         0x2000002c        0x4 
 .data.impure_data
                0x20000030      0x428 c:/ac6/systemworkbench/plugins/fr.ac6.mcu.externaltools.arm-none.win32_1.13.2.201705091103/tools/compiler/bin/../lib/gcc/arm-none-eabi/5.4.1/../../../../arm-none-eabi/lib/armv6-m\libc.a(lib_a-impure.o)
                0x20000458                . = ALIGN (0x4)
                0x20000458                _edata = .

.jcr            0x20000458        0x0 load address 0x08002a5c
 .jcr           0x20000458        0x0 c:/ac6/systemworkbench/plugins/fr.ac6.mcu.externaltools.arm-none.win32_1.13.2.201705091103/tools/compiler/bin/../lib/gcc/arm-none-eabi/5.4.1/armv6-m/crtbegin.o

.igot.plt       0x20000458        0x0 load address 0x08002a5c
 .igot.plt      0x20000458        0x0 c:/ac6/systemworkbench/plugins/fr.ac6.mcu.externaltools.arm-none.win32_1.13.2.201705091103/tools/compiler/bin/../lib/gcc/arm-none-eabi/5.4.1/armv6-m/crtbegin.o
                0x20000458                . = ALIGN (0x4)

.bss            0x20000458      0x1dc load address 0x08002a5c
                0x20000458                _sbss = .
                0x20000458                __bss_start__ = _sbss
 *(.bss)
 .bss           0x20000458       0x1c c:/ac6/systemworkbench/plugins/fr.ac6.mcu.externaltools.arm-none.win32_1.13.2.201705091103/tools/compiler/bin/../lib/gcc/arm-none-eabi/5.4.1/armv6-m/crtbegin.o
 .bss           0x20000474       0x40 src/main.o
 *(.bss*)
 *(COMMON)
 COMMON         0x200004b4        0x4 HAL_Driver/Src/stm32f0xx_hal.o
                0x200004b4                uwTick
 COMMON         0x200004b8      0x17c src/main.o
                0x200004b8                CanHandle
                0x200004fc                UartHandle
                0x2000056c                RxBuffer
                0x200005d0                TxBuffer
                0x20000634                . = ALIGN (0x4)
                0x20000634                _ebss = .
                0x20000634                __bss_end__ = _ebss

._user_heap_stack
                0x20000634      0x404 load address 0x08002a5c
                0x20000638                . = ALIGN (0x8)
 *fill*         0x20000634        0x4 
                0x20000638                PROVIDE (end, .)
                [!provide]                PROVIDE (_end, .)
                0x20000638                . = (. + _Min_Heap_Size)
                0x20000a38                . = (. + _Min_Stack_Size)
 *fill*         0x20000638      0x400 
                0x20000a38                . = ALIGN (0x8)

/DISCARD/
 libc.a(*)
 libm.a(*)
 libgcc.a(*)

.ARM.attributes
                0x00000000       0x28
 *(.ARM.attributes)
 .ARM.attributes
                0x00000000       0x1e c:/ac6/systemworkbench/plugins/fr.ac6.mcu.externaltools.arm-none.win32_1.13.2.201705091103/tools/compiler/bin/../lib/gcc/arm-none-eabi/5.4.1/armv6-m/crti.o
 .ARM.attributes
                0x0000001e       0x2c c:/ac6/systemworkbench/plugins/fr.ac6.mcu.externaltools.arm-none.win32_1.13.2.201705091103/tools/compiler/bin/../lib/gcc/arm-none-eabi/5.4.1/armv6-m/crtbegin.o
 .ARM.attributes
                0x0000004a       0x31 HAL_Driver/Src/stm32f0xx_hal.o
 .ARM.attributes
                0x0000007b       0x31 HAL_Driver/Src/stm32f0xx_hal_can.o
 .ARM.attributes
                0x000000ac       0x31 HAL_Driver/Src/stm32f0xx_hal_cortex.o
 .ARM.attributes
                0x000000dd       0x31 HAL_Driver/Src/stm32f0xx_hal_gpio.o
 .ARM.attributes
                0x0000010e       0x31 HAL_Driver/Src/stm32f0xx_hal_msp_template.o
 .ARM.attributes
                0x0000013f       0x31 HAL_Driver/Src/stm32f0xx_hal_rcc.o
 .ARM.attributes
                0x00000170       0x31 HAL_Driver/Src/stm32f0xx_hal_uart.o
 .ARM.attributes
                0x000001a1       0x31 Utilities/STM32F0xx_Nucleo_32/stm32f0xx_nucleo_32.o
 .ARM.attributes
                0x000001d2       0x31 src/main.o
 .ARM.attributes
                0x00000203       0x31 src/stm32f0xx_hal_msp.o
 .ARM.attributes
                0x00000234       0x31 src/stm32f0xx_it.o
 .ARM.attributes
                0x00000265       0x31 src/system_stm32f0xx.o
 .ARM.attributes
                0x00000296       0x21 startup/startup_stm32f042x6.o
 .ARM.attributes
                0x000002b7       0x1e c:/ac6/systemworkbench/plugins/fr.ac6.mcu.externaltools.arm-none.win32_1.13.2.201705091103/tools/compiler/bin/../lib/gcc/arm-none-eabi/5.4.1/armv6-m\libgcc.a(_udivsi3.o)
 .ARM.attributes
                0x000002d5       0x1e c:/ac6/systemworkbench/plugins/fr.ac6.mcu.externaltools.arm-none.win32_1.13.2.201705091103/tools/compiler/bin/../lib/gcc/arm-none-eabi/5.4.1/armv6-m\libgcc.a(_dvmd_tls.o)
 .ARM.attributes
                0x000002f3       0x2c c:/ac6/systemworkbench/plugins/fr.ac6.mcu.externaltools.arm-none.win32_1.13.2.201705091103/tools/compiler/bin/../lib/gcc/arm-none-eabi/5.4.1/../../../../arm-none-eabi/lib/armv6-m\libc.a(lib_a-impure.o)
 .ARM.attributes
                0x0000031f       0x2c c:/ac6/systemworkbench/plugins/fr.ac6.mcu.externaltools.arm-none.win32_1.13.2.201705091103/tools/compiler/bin/../lib/gcc/arm-none-eabi/5.4.1/../../../../arm-none-eabi/lib/armv6-m\libc.a(lib_a-init.o)
 .ARM.attributes
                0x0000034b       0x2c c:/ac6/systemworkbench/plugins/fr.ac6.mcu.externaltools.arm-none.win32_1.13.2.201705091103/tools/compiler/bin/../lib/gcc/arm-none-eabi/5.4.1/../../../../arm-none-eabi/lib/armv6-m\libc.a(lib_a-memcpy-stub.o)
 .ARM.attributes
                0x00000377       0x2c c:/ac6/systemworkbench/plugins/fr.ac6.mcu.externaltools.arm-none.win32_1.13.2.201705091103/tools/compiler/bin/../lib/gcc/arm-none-eabi/5.4.1/../../../../arm-none-eabi/lib/armv6-m\libc.a(lib_a-strlen-stub.o)
 .ARM.attributes
                0x000003a3       0x2c c:/ac6/systemworkbench/plugins/fr.ac6.mcu.externaltools.arm-none.win32_1.13.2.201705091103/tools/compiler/bin/../lib/gcc/arm-none-eabi/5.4.1/../../../../arm-none-eabi/lib/armv6-m\libc.a(lib_a-__call_atexit.o)
 .ARM.attributes
                0x000003cf       0x2c c:/ac6/systemworkbench/plugins/fr.ac6.mcu.externaltools.arm-none.win32_1.13.2.201705091103/tools/compiler/bin/../lib/gcc/arm-none-eabi/5.4.1/../../../../arm-none-eabi/lib/armv6-m\libc.a(lib_a-atexit.o)
 .ARM.attributes
                0x000003fb       0x2c c:/ac6/systemworkbench/plugins/fr.ac6.mcu.externaltools.arm-none.win32_1.13.2.201705091103/tools/compiler/bin/../lib/gcc/arm-none-eabi/5.4.1/../../../../arm-none-eabi/lib/armv6-m\libc.a(lib_a-fini.o)
 .ARM.attributes
                0x00000427       0x2c c:/ac6/systemworkbench/plugins/fr.ac6.mcu.externaltools.arm-none.win32_1.13.2.201705091103/tools/compiler/bin/../lib/gcc/arm-none-eabi/5.4.1/../../../../arm-none-eabi/lib/armv6-m\libc.a(lib_a-__atexit.o)
 .ARM.attributes
                0x00000453       0x1e c:/ac6/systemworkbench/plugins/fr.ac6.mcu.externaltools.arm-none.win32_1.13.2.201705091103/tools/compiler/bin/../lib/gcc/arm-none-eabi/5.4.1/armv6-m/crtn.o
OUTPUT(canreader.elf elf32-littlearm)

.debug_info     0x00000000     0x63e8
 .debug_info    0x00000000      0x569 HAL_Driver/Src/stm32f0xx_hal.o
 .debug_info    0x00000569      0xa81 HAL_Driver/Src/stm32f0xx_hal_can.o
 .debug_info    0x00000fea      0x6bf HAL_Driver/Src/stm32f0xx_hal_cortex.o
 .debug_info    0x000016a9      0x5e1 HAL_Driver/Src/stm32f0xx_hal_gpio.o
 .debug_info    0x00001c8a       0xc9 HAL_Driver/Src/stm32f0xx_hal_msp_template.o
 .debug_info    0x00001d53      0x7ab HAL_Driver/Src/stm32f0xx_hal_rcc.o
 .debug_info    0x000024fe     0x1300 HAL_Driver/Src/stm32f0xx_hal_uart.o
 .debug_info    0x000037fe      0xcbf Utilities/STM32F0xx_Nucleo_32/stm32f0xx_nucleo_32.o
 .debug_info    0x000044bd      0xda7 src/main.o
 .debug_info    0x00005264      0xe39 src/stm32f0xx_hal_msp.o
 .debug_info    0x0000609d       0x96 src/stm32f0xx_it.o
 .debug_info    0x00006133      0x247 src/system_stm32f0xx.o
 .debug_info    0x0000637a       0x6e startup/startup_stm32f042x6.o

.debug_abbrev   0x00000000     0x1209
 .debug_abbrev  0x00000000      0x179 HAL_Driver/Src/stm32f0xx_hal.o
 .debug_abbrev  0x00000179      0x1c9 HAL_Driver/Src/stm32f0xx_hal_can.o
 .debug_abbrev  0x00000342      0x234 HAL_Driver/Src/stm32f0xx_hal_cortex.o
 .debug_abbrev  0x00000576      0x1b6 HAL_Driver/Src/stm32f0xx_hal_gpio.o
 .debug_abbrev  0x0000072c       0x45 HAL_Driver/Src/stm32f0xx_hal_msp_template.o
 .debug_abbrev  0x00000771      0x1eb HAL_Driver/Src/stm32f0xx_hal_rcc.o
 .debug_abbrev  0x0000095c      0x1c8 HAL_Driver/Src/stm32f0xx_hal_uart.o
 .debug_abbrev  0x00000b24      0x244 Utilities/STM32F0xx_Nucleo_32/stm32f0xx_nucleo_32.o
 .debug_abbrev  0x00000d68      0x1c2 src/main.o
 .debug_abbrev  0x00000f2a      0x195 src/stm32f0xx_hal_msp.o
 .debug_abbrev  0x000010bf       0x45 src/stm32f0xx_it.o
 .debug_abbrev  0x00001104       0xf3 src/system_stm32f0xx.o
 .debug_abbrev  0x000011f7       0x12 startup/startup_stm32f042x6.o

.debug_aranges  0x00000000      0x688
 .debug_aranges
                0x00000000       0xb8 HAL_Driver/Src/stm32f0xx_hal.o
 .debug_aranges
                0x000000b8       0xb0 HAL_Driver/Src/stm32f0xx_hal_can.o
 .debug_aranges
                0x00000168       0xc0 HAL_Driver/Src/stm32f0xx_hal_cortex.o
 .debug_aranges
                0x00000228       0x58 HAL_Driver/Src/stm32f0xx_hal_gpio.o
 .debug_aranges
                0x00000280       0x38 HAL_Driver/Src/stm32f0xx_hal_msp_template.o
 .debug_aranges
                0x000002b8       0x80 HAL_Driver/Src/stm32f0xx_hal_rcc.o
 .debug_aranges
                0x00000338      0x1d8 HAL_Driver/Src/stm32f0xx_hal_uart.o
 .debug_aranges
                0x00000510       0x90 Utilities/STM32F0xx_Nucleo_32/stm32f0xx_nucleo_32.o
 .debug_aranges
                0x000005a0       0x40 src/main.o
 .debug_aranges
                0x000005e0       0x38 src/stm32f0xx_hal_msp.o
 .debug_aranges
                0x00000618       0x20 src/stm32f0xx_it.o
 .debug_aranges
                0x00000638       0x28 src/system_stm32f0xx.o
 .debug_aranges
                0x00000660       0x28 startup/startup_stm32f042x6.o

.debug_ranges   0x00000000      0x5c0
 .debug_ranges  0x00000000       0xa8 HAL_Driver/Src/stm32f0xx_hal.o
 .debug_ranges  0x000000a8       0xa0 HAL_Driver/Src/stm32f0xx_hal_can.o
 .debug_ranges  0x00000148       0xb0 HAL_Driver/Src/stm32f0xx_hal_cortex.o
 .debug_ranges  0x000001f8       0x48 HAL_Driver/Src/stm32f0xx_hal_gpio.o
 .debug_ranges  0x00000240       0x28 HAL_Driver/Src/stm32f0xx_hal_msp_template.o
 .debug_ranges  0x00000268       0x70 HAL_Driver/Src/stm32f0xx_hal_rcc.o
 .debug_ranges  0x000002d8      0x1c8 HAL_Driver/Src/stm32f0xx_hal_uart.o
 .debug_ranges  0x000004a0       0x80 Utilities/STM32F0xx_Nucleo_32/stm32f0xx_nucleo_32.o
 .debug_ranges  0x00000520       0x30 src/main.o
 .debug_ranges  0x00000550       0x28 src/stm32f0xx_hal_msp.o
 .debug_ranges  0x00000578       0x10 src/stm32f0xx_it.o
 .debug_ranges  0x00000588       0x18 src/system_stm32f0xx.o
 .debug_ranges  0x000005a0       0x20 startup/startup_stm32f042x6.o

.debug_macro    0x00000000    0x196aa
 .debug_macro   0x00000000      0x420 HAL_Driver/Src/stm32f0xx_hal.o
 .debug_macro   0x00000420      0x844 HAL_Driver/Src/stm32f0xx_hal.o
 .debug_macro   0x00000c64      0x116 HAL_Driver/Src/stm32f0xx_hal.o
 .debug_macro   0x00000d7a       0x28 HAL_Driver/Src/stm32f0xx_hal.o
 .debug_macro   0x00000da2       0x22 HAL_Driver/Src/stm32f0xx_hal.o
 .debug_macro   0x00000dc4       0x22 HAL_Driver/Src/stm32f0xx_hal.o
 .debug_macro   0x00000de6       0x87 HAL_Driver/Src/stm32f0xx_hal.o
 .debug_macro   0x00000e6d       0x44 HAL_Driver/Src/stm32f0xx_hal.o
 .debug_macro   0x00000eb1       0xfd HAL_Driver/Src/stm32f0xx_hal.o
 .debug_macro   0x00000fae       0x5e HAL_Driver/Src/stm32f0xx_hal.o
 .debug_macro   0x0000100c      0x1df HAL_Driver/Src/stm32f0xx_hal.o
 .debug_macro   0x000011eb       0x34 HAL_Driver/Src/stm32f0xx_hal.o
 .debug_macro   0x0000121f       0x26 HAL_Driver/Src/stm32f0xx_hal.o
 .debug_macro   0x00001245      0x30d HAL_Driver/Src/stm32f0xx_hal.o
 .debug_macro   0x00001552     0xf1ed HAL_Driver/Src/stm32f0xx_hal.o
 .debug_macro   0x0001073f       0x3c HAL_Driver/Src/stm32f0xx_hal.o
 .debug_macro   0x0001077b       0x52 HAL_Driver/Src/stm32f0xx_hal.o
 .debug_macro   0x000107cd       0x35 HAL_Driver/Src/stm32f0xx_hal.o
 .debug_macro   0x00010802       0x9c HAL_Driver/Src/stm32f0xx_hal.o
 .debug_macro   0x0001089e       0x16 HAL_Driver/Src/stm32f0xx_hal.o
 .debug_macro   0x000108b4       0x97 HAL_Driver/Src/stm32f0xx_hal.o
 .debug_macro   0x0001094b      0x30d HAL_Driver/Src/stm32f0xx_hal.o
 .debug_macro   0x00010c58       0xfd HAL_Driver/Src/stm32f0xx_hal.o
 .debug_macro   0x00010d55       0x10 HAL_Driver/Src/stm32f0xx_hal.o
 .debug_macro   0x00010d65       0x52 HAL_Driver/Src/stm32f0xx_hal.o
 .debug_macro   0x00010db7       0x1f HAL_Driver/Src/stm32f0xx_hal.o
 .debug_macro   0x00010dd6       0x43 HAL_Driver/Src/stm32f0xx_hal.o
 .debug_macro   0x00010e19       0x20 HAL_Driver/Src/stm32f0xx_hal.o
 .debug_macro   0x00010e39      0x187 HAL_Driver/Src/stm32f0xx_hal.o
 .debug_macro   0x00010fc0       0x10 HAL_Driver/Src/stm32f0xx_hal.o
 .debug_macro   0x00010fd0       0x1c HAL_Driver/Src/stm32f0xx_hal.o
 .debug_macro   0x00010fec       0x52 HAL_Driver/Src/stm32f0xx_hal.o
 .debug_macro   0x0001103e       0x40 HAL_Driver/Src/stm32f0xx_hal.o
 .debug_macro   0x0001107e       0x10 HAL_Driver/Src/stm32f0xx_hal.o
 .debug_macro   0x0001108e       0x40 HAL_Driver/Src/stm32f0xx_hal.o
 .debug_macro   0x000110ce       0xd7 HAL_Driver/Src/stm32f0xx_hal.o
 .debug_macro   0x000111a5       0x16 HAL_Driver/Src/stm32f0xx_hal.o
 .debug_macro   0x000111bb      0x18b HAL_Driver/Src/stm32f0xx_hal.o
 .debug_macro   0x00011346       0x50 HAL_Driver/Src/stm32f0xx_hal.o
 .debug_macro   0x00011396      0x951 HAL_Driver/Src/stm32f0xx_hal.o
 .debug_macro   0x00011ce7      0x46b HAL_Driver/Src/stm32f0xx_hal.o
 .debug_macro   0x00012152      0x13a HAL_Driver/Src/stm32f0xx_hal.o
 .debug_macro   0x0001228c      0x130 HAL_Driver/Src/stm32f0xx_hal.o
 .debug_macro   0x000123bc      0x1ed HAL_Driver/Src/stm32f0xx_hal.o
 .debug_macro   0x000125a9       0x34 HAL_Driver/Src/stm32f0xx_hal.o
 .debug_macro   0x000125dd       0x43 HAL_Driver/Src/stm32f0xx_hal.o
 .debug_macro   0x00012620       0x28 HAL_Driver/Src/stm32f0xx_hal.o
 .debug_macro   0x00012648      0x33d HAL_Driver/Src/stm32f0xx_hal.o
 .debug_macro   0x00012985       0xce HAL_Driver/Src/stm32f0xx_hal.o
 .debug_macro   0x00012a53      0x391 HAL_Driver/Src/stm32f0xx_hal.o
 .debug_macro   0x00012de4      0x2e2 HAL_Driver/Src/stm32f0xx_hal.o
 .debug_macro   0x000130c6       0x81 HAL_Driver/Src/stm32f0xx_hal.o
 .debug_macro   0x00013147       0x5a HAL_Driver/Src/stm32f0xx_hal.o
 .debug_macro   0x000131a1       0x12 HAL_Driver/Src/stm32f0xx_hal.o
 .debug_macro   0x000131b3       0xb6 HAL_Driver/Src/stm32f0xx_hal.o
 .debug_macro   0x00013269      0x182 HAL_Driver/Src/stm32f0xx_hal.o
 .debug_macro   0x000133eb      0x202 HAL_Driver/Src/stm32f0xx_hal.o
 .debug_macro   0x000135ed       0x61 HAL_Driver/Src/stm32f0xx_hal.o
 .debug_macro   0x0001364e       0x90 HAL_Driver/Src/stm32f0xx_hal.o
 .debug_macro   0x000136de      0x1a0 HAL_Driver/Src/stm32f0xx_hal.o
 .debug_macro   0x0001387e      0x264 HAL_Driver/Src/stm32f0xx_hal.o
 .debug_macro   0x00013ae2       0x30 HAL_Driver/Src/stm32f0xx_hal.o
 .debug_macro   0x00013b12       0x87 HAL_Driver/Src/stm32f0xx_hal.o
 .debug_macro   0x00013b99      0x265 HAL_Driver/Src/stm32f0xx_hal.o
 .debug_macro   0x00013dfe       0x4d HAL_Driver/Src/stm32f0xx_hal.o
 .debug_macro   0x00013e4b      0x161 HAL_Driver/Src/stm32f0xx_hal.o
 .debug_macro   0x00013fac      0x2e2 HAL_Driver/Src/stm32f0xx_hal.o
 .debug_macro   0x0001428e      0x2cb HAL_Driver/Src/stm32f0xx_hal.o
 .debug_macro   0x00014559       0xdd HAL_Driver/Src/stm32f0xx_hal.o
 .debug_macro   0x00014636      0x391 HAL_Driver/Src/stm32f0xx_hal.o
 .debug_macro   0x000149c7       0x10 HAL_Driver/Src/stm32f0xx_hal.o
 .debug_macro   0x000149d7      0x356 HAL_Driver/Src/stm32f0xx_hal.o
 .debug_macro   0x00014d2d      0x2f0 HAL_Driver/Src/stm32f0xx_hal.o
 .debug_macro   0x0001501d      0x845 HAL_Driver/Src/stm32f0xx_hal.o
 .debug_macro   0x00015862       0x45 HAL_Driver/Src/stm32f0xx_hal.o
 .debug_macro   0x000158a7      0x46a HAL_Driver/Src/stm32f0xx_hal.o
 .debug_macro   0x00015d11      0x38a HAL_Driver/Src/stm32f0xx_hal.o
 .debug_macro   0x0001609b      0x209 HAL_Driver/Src/stm32f0xx_hal.o
 .debug_macro   0x000162a4      0x1df HAL_Driver/Src/stm32f0xx_hal.o
 .debug_macro   0x00016483       0x99 HAL_Driver/Src/stm32f0xx_hal.o
 .debug_macro   0x0001651c       0x89 HAL_Driver/Src/stm32f0xx_hal.o
 .debug_macro   0x000165a5      0x127 HAL_Driver/Src/stm32f0xx_hal.o
 .debug_macro   0x000166cc      0x402 HAL_Driver/Src/stm32f0xx_hal_can.o
 .debug_macro   0x00016ace      0x3fc HAL_Driver/Src/stm32f0xx_hal_cortex.o
 .debug_macro   0x00016eca      0x434 HAL_Driver/Src/stm32f0xx_hal_gpio.o
 .debug_macro   0x000172fe      0x3fc HAL_Driver/Src/stm32f0xx_hal_msp_template.o
 .debug_macro   0x000176fa      0x40e HAL_Driver/Src/stm32f0xx_hal_rcc.o
 .debug_macro   0x00017b08      0x404 HAL_Driver/Src/stm32f0xx_hal_uart.o
 .debug_macro   0x00017f0c      0x429 Utilities/STM32F0xx_Nucleo_32/stm32f0xx_nucleo_32.o
 .debug_macro   0x00018335       0x8b Utilities/STM32F0xx_Nucleo_32/stm32f0xx_nucleo_32.o
 .debug_macro   0x000183c0      0x42f src/main.o
 .debug_macro   0x000187ef       0x4c src/main.o
 .debug_macro   0x0001883b       0x8d src/main.o
 .debug_macro   0x000188c8       0x4a src/main.o
 .debug_macro   0x00018912       0x16 src/main.o
 .debug_macro   0x00018928       0x35 src/main.o
 .debug_macro   0x0001895d       0x91 src/main.o
 .debug_macro   0x000189ee       0xa6 src/main.o
 .debug_macro   0x00018a94      0x414 src/stm32f0xx_hal_msp.o
 .debug_macro   0x00018ea8      0x406 src/stm32f0xx_it.o
 .debug_macro   0x000192ae      0x3fc src/system_stm32f0xx.o

.debug_line     0x00000000     0x8989
 .debug_line    0x00000000      0xaaa HAL_Driver/Src/stm32f0xx_hal.o
 .debug_line    0x00000aaa      0xe35 HAL_Driver/Src/stm32f0xx_hal_can.o
 .debug_line    0x000018df      0xafc HAL_Driver/Src/stm32f0xx_hal_cortex.o
 .debug_line    0x000023db      0xa9d HAL_Driver/Src/stm32f0xx_hal_gpio.o
 .debug_line    0x00002e78      0x97e HAL_Driver/Src/stm32f0xx_hal_msp_template.o
 .debug_line    0x000037f6      0xbbe HAL_Driver/Src/stm32f0xx_hal_rcc.o
 .debug_line    0x000043b4     0x12c7 HAL_Driver/Src/stm32f0xx_hal_uart.o
 .debug_line    0x0000567b      0xab0 Utilities/STM32F0xx_Nucleo_32/stm32f0xx_nucleo_32.o
 .debug_line    0x0000612b      0xaa8 src/main.o
 .debug_line    0x00006bd3      0xa42 src/stm32f0xx_hal_msp.o
 .debug_line    0x00007615      0x96c src/stm32f0xx_it.o
 .debug_line    0x00007f81      0x973 src/system_stm32f0xx.o
 .debug_line    0x000088f4       0x95 startup/startup_stm32f042x6.o

.debug_str      0x00000000    0x8e6fc
 .debug_str     0x00000000    0x8c056 HAL_Driver/Src/stm32f0xx_hal.o
                              0x8c2c7 (size before relaxing)
 .debug_str     0x0008c056      0x55b HAL_Driver/Src/stm32f0xx_hal_can.o
                              0x8c336 (size before relaxing)
 .debug_str     0x0008c5b1      0x1dc HAL_Driver/Src/stm32f0xx_hal_cortex.o
                              0x8c1b1 (size before relaxing)
 .debug_str     0x0008c78d      0x282 HAL_Driver/Src/stm32f0xx_hal_gpio.o
                              0x8c085 (size before relaxing)
 .debug_str     0x0008ca0f       0x51 HAL_Driver/Src/stm32f0xx_hal_msp_template.o
                              0x8bd9a (size before relaxing)
 .debug_str     0x0008ca60      0x36a HAL_Driver/Src/stm32f0xx_hal_rcc.o
                              0x8c20b (size before relaxing)
 .debug_str     0x0008cdca      0xa51 HAL_Driver/Src/stm32f0xx_hal_uart.o
                              0x8c928 (size before relaxing)
 .debug_str     0x0008d81b      0x9c0 Utilities/STM32F0xx_Nucleo_32/stm32f0xx_nucleo_32.o
                              0x8ca4d (size before relaxing)
 .debug_str     0x0008e1db      0x474 src/main.o
                              0x8ce33 (size before relaxing)
 .debug_str     0x0008e64f       0x1b src/stm32f0xx_hal_msp.o
                              0x8ce23 (size before relaxing)
 .debug_str     0x0008e66a       0x38 src/stm32f0xx_it.o
                              0x8bd67 (size before relaxing)
 .debug_str     0x0008e6a2       0x5a src/system_stm32f0xx.o
                              0x8be2e (size before relaxing)

.comment        0x00000000       0x6e
 .comment       0x00000000       0x6e HAL_Driver/Src/stm32f0xx_hal.o
                                 0x6f (size before relaxing)
 .comment       0x0000006e       0x6f HAL_Driver/Src/stm32f0xx_hal_can.o
 .comment       0x0000006e       0x6f HAL_Driver/Src/stm32f0xx_hal_cortex.o
 .comment       0x0000006e       0x6f HAL_Driver/Src/stm32f0xx_hal_gpio.o
 .comment       0x0000006e       0x6f HAL_Driver/Src/stm32f0xx_hal_msp_template.o
 .comment       0x0000006e       0x6f HAL_Driver/Src/stm32f0xx_hal_rcc.o
 .comment       0x0000006e       0x6f HAL_Driver/Src/stm32f0xx_hal_uart.o
 .comment       0x0000006e       0x6f Utilities/STM32F0xx_Nucleo_32/stm32f0xx_nucleo_32.o
 .comment       0x0000006e       0x6f src/main.o
 .comment       0x0000006e       0x6f src/stm32f0xx_hal_msp.o
 .comment       0x0000006e       0x6f src/stm32f0xx_it.o
 .comment       0x0000006e       0x6f src/system_stm32f0xx.o

.debug_frame    0x00000000     0x16ac
 .debug_frame   0x00000000      0x248 HAL_Driver/Src/stm32f0xx_hal.o
 .debug_frame   0x00000248      0x270 HAL_Driver/Src/stm32f0xx_hal_can.o
 .debug_frame   0x000004b8      0x2a4 HAL_Driver/Src/stm32f0xx_hal_cortex.o
 .debug_frame   0x0000075c      0x110 HAL_Driver/Src/stm32f0xx_hal_gpio.o
 .debug_frame   0x0000086c       0x80 HAL_Driver/Src/stm32f0xx_hal_msp_template.o
 .debug_frame   0x000008ec      0x194 HAL_Driver/Src/stm32f0xx_hal_rcc.o
 .debug_frame   0x00000a80      0x710 HAL_Driver/Src/stm32f0xx_hal_uart.o
 .debug_frame   0x00001190      0x1ec Utilities/STM32F0xx_Nucleo_32/stm32f0xx_nucleo_32.o
 .debug_frame   0x0000137c       0xa4 src/main.o
 .debug_frame   0x00001420       0x90 src/stm32f0xx_hal_msp.o
 .debug_frame   0x000014b0       0x2c src/stm32f0xx_it.o
 .debug_frame   0x000014dc       0x4c src/system_stm32f0xx.o
 .debug_frame   0x00001528       0x20 c:/ac6/systemworkbench/plugins/fr.ac6.mcu.externaltools.arm-none.win32_1.13.2.201705091103/tools/compiler/bin/../lib/gcc/arm-none-eabi/5.4.1/armv6-m\libgcc.a(_udivsi3.o)
 .debug_frame   0x00001548       0x2c c:/ac6/systemworkbench/plugins/fr.ac6.mcu.externaltools.arm-none.win32_1.13.2.201705091103/tools/compiler/bin/../lib/gcc/arm-none-eabi/5.4.1/../../../../arm-none-eabi/lib/armv6-m\libc.a(lib_a-init.o)
 .debug_frame   0x00001574       0x2c c:/ac6/systemworkbench/plugins/fr.ac6.mcu.externaltools.arm-none.win32_1.13.2.201705091103/tools/compiler/bin/../lib/gcc/arm-none-eabi/5.4.1/../../../../arm-none-eabi/lib/armv6-m\libc.a(lib_a-memcpy-stub.o)
 .debug_frame   0x000015a0       0x28 c:/ac6/systemworkbench/plugins/fr.ac6.mcu.externaltools.arm-none.win32_1.13.2.201705091103/tools/compiler/bin/../lib/gcc/arm-none-eabi/5.4.1/../../../../arm-none-eabi/lib/armv6-m\libc.a(lib_a-strlen-stub.o)
 .debug_frame   0x000015c8       0x54 c:/ac6/systemworkbench/plugins/fr.ac6.mcu.externaltools.arm-none.win32_1.13.2.201705091103/tools/compiler/bin/../lib/gcc/arm-none-eabi/5.4.1/../../../../arm-none-eabi/lib/armv6-m\libc.a(lib_a-__call_atexit.o)
 .debug_frame   0x0000161c       0x28 c:/ac6/systemworkbench/plugins/fr.ac6.mcu.externaltools.arm-none.win32_1.13.2.201705091103/tools/compiler/bin/../lib/gcc/arm-none-eabi/5.4.1/../../../../arm-none-eabi/lib/armv6-m\libc.a(lib_a-atexit.o)
 .debug_frame   0x00001644       0x2c c:/ac6/systemworkbench/plugins/fr.ac6.mcu.externaltools.arm-none.win32_1.13.2.201705091103/tools/compiler/bin/../lib/gcc/arm-none-eabi/5.4.1/../../../../arm-none-eabi/lib/armv6-m\libc.a(lib_a-fini.o)
 .debug_frame   0x00001670       0x3c c:/ac6/systemworkbench/plugins/fr.ac6.mcu.externaltools.arm-none.win32_1.13.2.201705091103/tools/compiler/bin/../lib/gcc/arm-none-eabi/5.4.1/../../../../arm-none-eabi/lib/armv6-m\libc.a(lib_a-__atexit.o)
